<html>
<body>
<pre>
<h1>µVision Build Log</h1>
<h2>Project:</h2>
F:\MyDisk\Project\LPC1768_MC_LWIP\Project\Project.uvproj
Project File Date:  05/03/2015

<h2>Output:</h2>
Rebuild target 'LPC1768_MC'
compiling core_cm3.c...
assembling startup_LPC17xx.s...
compiling system_LPC17xx.c...
compiling main.c...
compiling LPC17xx_it.c...
compiling netconf.c...
compiling TCP_server.c...
compiling emac.c...
compiling uart.c...
compiling LCD1602.c...
compiling MAX485.c...
..\ExtiDrive\MAX485.c(32): warning:  #223-D: function "TDelay" declared implicitly
                TDelay(10000);
..\ExtiDrive\MAX485.c: 1 warning, 0 errors
compiling api_lib.c...
compiling api_msg.c...
compiling err.c...
compiling netbuf.c...
compiling netdb.c...
compiling netifapi.c...
compiling sockets.c...
compiling tcpip.c...
compiling dhcp.c...
compiling dns.c...
compiling init.c...
compiling mem.c...
compiling memp.c...
compiling netif.c...
compiling pbuf.c...
compiling raw.c...
compiling stats.c...
compiling sys.c...
compiling tcp.c...
compiling tcp_in.c...
compiling tcp_out.c...
compiling udp.c...
compiling autoip.c...
compiling icmp.c...
compiling igmp.c...
compiling inet.c...
compiling inet_chksum.c...
compiling ip.c...
compiling ip_addr.c...
compiling ip_frag.c...
compiling etharp.c...
compiling ethernetif.c...
linking...
Program Size: Code=28140 RO-data=336 RW-data=1284 ZI-data=54920  
FromELF: creating hex file...
".\obj\Project.axf" - 0 Error(s), 1 Warning(s).
</pre>
</body>
</html>
