ARM Linker, 5.02 [Build 28] [MDK-ARM Lite]

==============================================================================

Section Cross References

    startup_lpc17xx.o(STACK) refers (Special) to heapauxi.o(.text) for __use_two_region_memory
    startup_lpc17xx.o(HEAP) refers (Special) to heapauxi.o(.text) for __use_two_region_memory
    startup_lpc17xx.o(RESET) refers (Special) to heapauxi.o(.text) for __use_two_region_memory
    startup_lpc17xx.o(RESET) refers to startup_lpc17xx.o(STACK) for __initial_sp
    startup_lpc17xx.o(RESET) refers to startup_lpc17xx.o(.text) for Reset_Handler
    startup_lpc17xx.o(RESET) refers to lpc17xx_it.o(.text) for UART2_IRQHandler
    startup_lpc17xx.o(.ARM.__at_0x02FC) refers (Special) to heapauxi.o(.text) for __use_two_region_memory
    startup_lpc17xx.o(.text) refers (Special) to heapauxi.o(.text) for __use_two_region_memory
    startup_lpc17xx.o(.text) refers to system_lpc17xx.o(.text) for SystemInit
    startup_lpc17xx.o(.text) refers to __main.o(!!!main) for __main
    startup_lpc17xx.o(.text) refers to startup_lpc17xx.o(HEAP) for Heap_Mem
    startup_lpc17xx.o(.text) refers to startup_lpc17xx.o(STACK) for Stack_Mem
    system_lpc17xx.o(.text) refers to system_lpc17xx.o(.data) for SystemFrequency
    main.o(.text) refers to uart.o(.text) for UART0_Init
    main.o(.text) refers to max485.o(.text) for MAX485_Init
    main.o(.text) refers to netconf.o(.text) for LwIP_Init
    main.o(.text) refers to tcp_server.o(.text) for udp_echo_init
    main.o(.text) refers to lcd1602.o(.text) for LCD_Init
    lpc17xx_it.o(.text) refers to netconf.o(.text) for LwIP_Pkt_Handle
    netconf.o(.text) refers to mem.o(.text) for mem_init
    netconf.o(.text) refers to memp.o(.text) for memp_init
    netconf.o(.text) refers to inet.o(.text) for htonl
    netconf.o(.text) refers to netif.o(.text) for netif_add
    netconf.o(.text) refers to ethernetif.o(.text) for ethernetif_input
    netconf.o(.text) refers to tcp.o(.text) for tcp_tmr
    netconf.o(.text) refers to etharp.o(.text) for etharp_tmr
    netconf.o(.text) refers to netconf.o(.bss) for netif
    netconf.o(.text) refers to netconf.o(.data) for TCPTimer
    tcp_server.o(.text) refers to tcp.o(.text) for tcp_arg
    tcp_server.o(.text) refers to mem.o(.text) for mem_free
    tcp_server.o(.text) refers to tcp_out.o(.text) for tcp_write
    tcp_server.o(.text) refers to pbuf.o(.text) for pbuf_ref
    tcp_server.o(.text) refers to strncmp.o(.text) for strncmp
    tcp_server.o(.text) refers to inet.o(.text) for htonl
    tcp_server.o(.text) refers to udp.o(.text) for udp_new
    tcp_server.o(.text) refers to tcp_server.o(.data) for WebSide
    tcp_server.o(.text) refers to ip_addr.o(.constdata) for ip_addr_any
    tcp_server.o(.text) refers to tcp_server.o(.constdata) for UDPArr
    emac.o(.text) refers to emac.o(.bss) for rx_buf
    emac.o(.text) refers to emac.o(.constdata) for EMAC_clkdiv
    lcd1602.o(.text) refers to main.o(.text) for TDelay
    max485.o(.text) refers to uart.o(.text) for UART2_Init
    max485.o(.text) refers to main.o(.text) for TDelay
    init.o(.text) refers to mem.o(.text) for mem_init
    init.o(.text) refers to memp.o(.text) for memp_init
    mem.o(.text) refers to rt_memclr.o(.text) for __aeabi_memclr
    mem.o(.text) refers to mem.o(.data) for ram
    mem.o(.text) refers to mem.o(.bss) for ram_heap
    memp.o(.text) refers to memp.o(.bss) for memp_memory
    memp.o(.text) refers to memp.o(.constdata) for memp_sizes
    netif.o(.text) refers to tcp.o(.text) for tcp_abandon
    netif.o(.text) refers to etharp.o(.text) for etharp_request
    netif.o(.text) refers to tcp.o(.data) for tcp_active_pcbs
    netif.o(.text) refers to netif.o(.data) for netifnum
    pbuf.o(.text) refers to memp.o(.text) for memp_free
    pbuf.o(.text) refers to mem.o(.text) for mem_free
    pbuf.o(.text) refers to rt_memcpy_v6.o(.text) for __aeabi_memcpy
    raw.o(.text) refers to inet.o(.text) for ntohs
    raw.o(.text) refers to pbuf.o(.text) for pbuf_header
    raw.o(.text) refers to ip.o(.text) for ip_route
    raw.o(.text) refers to memp.o(.text) for memp_free
    raw.o(.text) refers to rt_memclr_w.o(.text) for __aeabi_memclr4
    raw.o(.text) refers to raw.o(.data) for raw_pcbs
    tcp.o(.text) refers to pbuf.o(.text) for pbuf_free
    tcp.o(.text) refers to memp.o(.text) for memp_free
    tcp.o(.text) refers to tcp_out.o(.text) for tcp_output
    tcp.o(.text) refers to tcp.o(.data) for tcp_tmp_pcb
    tcp.o(.text) refers to tcp.o(.constdata) for tcp_persist_backoff
    tcp.o(.text) refers to ip.o(.text) for ip_route
    tcp.o(.text) refers to rt_memclr_w.o(.text) for __aeabi_memclr4
    tcp_in.o(.text) refers to tcp_out.o(.text) for tcp_rexmit
    tcp_in.o(.text) refers to pbuf.o(.text) for pbuf_clen
    tcp_in.o(.text) refers to tcp.o(.text) for tcp_seg_free
    tcp_in.o(.text) refers to inet.o(.text) for ntohl
    tcp_in.o(.text) refers to tcp_in.o(.data) for flags
    tcp_in.o(.text) refers to tcp.o(.data) for tcp_ticks
[...]
    rtentry.o(.ARM.Collect$$rtentry$$00000000) refers (Special) to rtentry2.o(.ARM.Collect$$rtentry$$0000000A) for __rt_entry_li
    rtentry.o(.ARM.Collect$$rtentry$$00000000) refers (Special) to rtentry2.o(.ARM.Collect$$rtentry$$0000000D) for __rt_entry_main
    rtentry.o(.ARM.Collect$$rtentry$$00000000) refers (Special) to rtentry2.o(.ARM.Collect$$rtentry$$0000000C) for __rt_entry_postli_1
    rtentry.o(.ARM.Collect$$rtentry$$00000000) refers (Special) to rtentry2.o(.ARM.Collect$$rtentry$$00000009) for __rt_entry_postsh_1
    rtentry.o(.ARM.Collect$$rtentry$$00000000) refers (Special) to rtentry2.o(.ARM.Collect$$rtentry$$00000002) for __rt_entry_presh_1
    rtentry.o(.ARM.Collect$$rtentry$$00000000) refers (Special) to rtentry4.o(.ARM.Collect$$rtentry$$00000004) for __rt_entry_sh
    rtentry2.o(.ARM.Collect$$rtentry$$00000008) refers to boardinit2.o(.text) for _platform_post_stackheap_init
    rtentry2.o(.ARM.Collect$$rtentry$$0000000A) refers to libinit.o(.ARM.Collect$$libinit$$00000000) for __rt_lib_init
    rtentry2.o(.ARM.Collect$$rtentry$$0000000B) refers to boardinit3.o(.text) for _platform_post_lib_init
    rtentry2.o(.ARM.Collect$$rtentry$$0000000D) refers to main.o(.text) for main
    rtentry2.o(.ARM.Collect$$rtentry$$0000000D) refers to exit.o(.text) for exit
    rtentry2.o(.ARM.exidx) refers to rtentry2.o(.ARM.Collect$$rtentry$$00000001) for .ARM.Collect$$rtentry$$00000001
    rtentry2.o(.ARM.exidx) refers to rtentry2.o(.ARM.Collect$$rtentry$$00000008) for .ARM.Collect$$rtentry$$00000008
    rtentry2.o(.ARM.exidx) refers to rtentry2.o(.ARM.Collect$$rtentry$$0000000A) for .ARM.Collect$$rtentry$$0000000A
    rtentry2.o(.ARM.exidx) refers to rtentry2.o(.ARM.Collect$$rtentry$$0000000B) for .ARM.Collect$$rtentry$$0000000B
    rtentry2.o(.ARM.exidx) refers to rtentry2.o(.ARM.Collect$$rtentry$$0000000D) for .ARM.Collect$$rtentry$$0000000D
    rtentry4.o(.ARM.Collect$$rtentry$$00000004) refers to sys_stackheap_outer.o(.text) for __user_setup_stackheap
    rtentry4.o(.ARM.exidx) refers to rtentry4.o(.ARM.Collect$$rtentry$$00000004) for .ARM.Collect$$rtentry$$00000004
    sys_stackheap_outer.o(.text) refers to libspace.o(.text) for __user_perproc_libspace
    sys_stackheap_outer.o(.text) refers to startup_lpc17xx.o(.text) for __user_initial_stackheap
    exit.o(.text) refers to rtexit.o(.ARM.Collect$$rtexit$$00000000) for __rt_exit
    libinit.o(.ARM.Collect$$libinit$$00000000) refers (Special) to libinit2.o(.ARM.Collect$$libinit$$0000002C) for __rt_lib_init_alloca_1
    libinit.o(.ARM.Collect$$libinit$$00000000) refers (Special) to libinit2.o(.ARM.Collect$$libinit$$0000002A) for __rt_lib_init_argv_1
    libinit.o(.ARM.Collect$$libinit$$00000000) refers (Special) to libinit2.o(.ARM.Collect$$libinit$$00000019) for __rt_lib_init_atexit_1
    libinit.o(.ARM.Collect$$libinit$$00000000) refers (Special) to libinit2.o(.ARM.Collect$$libinit$$0000001F) for __rt_lib_init_clock_1
    libinit.o(.ARM.Collect$$libinit$$00000000) refers (Special) to libinit2.o(.ARM.Collect$$libinit$$00000030) for __rt_lib_init_cpp_1
    libinit.o(.ARM.Collect$$libinit$$00000000) refers (Special) to libinit2.o(.ARM.Collect$$libinit$$0000002E) for __rt_lib_init_exceptions_1
    libinit.o(.ARM.Collect$$libinit$$00000000) refers (Special) to libinit2.o(.ARM.Collect$$libinit$$00000002) for __rt_lib_init_fp_1
    libinit.o(.ARM.Collect$$libinit$$00000000) refers (Special) to libinit2.o(.ARM.Collect$$libinit$$0000001D) for __rt_lib_init_fp_trap_1
    libinit.o(.ARM.Collect$$libinit$$00000000) refers (Special) to libinit2.o(.ARM.Collect$$libinit$$00000021) for __rt_lib_init_getenv_1
    libinit.o(.ARM.Collect$$libinit$$00000000) refers (Special) to libinit2.o(.ARM.Collect$$libinit$$00000008) for __rt_lib_init_heap_1
    libinit.o(.ARM.Collect$$libinit$$00000000) refers (Special) to libinit2.o(.ARM.Collect$$libinit$$0000000F) for __rt_lib_init_lc_collate_1
    libinit.o(.ARM.Collect$$libinit$$00000000) refers (Special) to libinit2.o(.ARM.Collect$$libinit$$00000011) for __rt_lib_init_lc_ctype_1
    libinit.o(.ARM.Collect$$libinit$$00000000) refers (Special) to libinit2.o(.ARM.Collect$$libinit$$00000013) for __rt_lib_init_lc_monetary_1
    libinit.o(.ARM.Collect$$libinit$$00000000) refers (Special) to libinit2.o(.ARM.Collect$$libinit$$00000015) for __rt_lib_init_lc_numeric_1
    libinit.o(.ARM.Collect$$libinit$$00000000) refers (Special) to libinit2.o(.ARM.Collect$$libinit$$00000017) for __rt_lib_init_lc_time_1
    libinit.o(.ARM.Collect$$libinit$$00000000) refers (Special) to libinit2.o(.ARM.Collect$$libinit$$0000000C) for __rt_lib_init_rand_1
    libinit.o(.ARM.Collect$$libinit$$00000000) refers (Special) to libinit2.o(.ARM.Collect$$libinit$$00000031) for __rt_lib_init_return
    libinit.o(.ARM.Collect$$libinit$$00000000) refers (Special) to libinit2.o(.ARM.Collect$$libinit$$0000001B) for __rt_lib_init_signal_1
    libinit.o(.ARM.Collect$$libinit$$00000000) refers (Special) to libinit2.o(.ARM.Collect$$libinit$$00000023) for __rt_lib_init_stdio_1
    libinit.o(.ARM.Collect$$libinit$$00000000) refers (Special) to libinit2.o(.ARM.Collect$$libinit$$0000000A) for __rt_lib_init_user_alloc_1
    libspace.o(.text) refers to libspace.o(.bss) for __libspace_start
    rtexit.o(.ARM.Collect$$rtexit$$00000000) refers (Special) to rtexit2.o(.ARM.Collect$$rtexit$$00000004) for __rt_exit_exit
    rtexit.o(.ARM.Collect$$rtexit$$00000000) refers (Special) to rtexit2.o(.ARM.Collect$$rtexit$$00000003) for __rt_exit_ls
    rtexit.o(.ARM.Collect$$rtexit$$00000000) refers (Special) to rtexit2.o(.ARM.Collect$$rtexit$$00000002) for __rt_exit_prels_1
    rtexit.o(.ARM.exidx) refers (Special) to rtexit2.o(.ARM.Collect$$rtexit$$00000004) for __rt_exit_exit
    rtexit.o(.ARM.exidx) refers (Special) to rtexit2.o(.ARM.Collect$$rtexit$$00000003) for __rt_exit_ls
    rtexit.o(.ARM.exidx) refers (Special) to rtexit2.o(.ARM.Collect$$rtexit$$00000002) for __rt_exit_prels_1
    rtexit.o(.ARM.exidx) refers to rtexit.o(.ARM.Collect$$rtexit$$00000000) for .ARM.Collect$$rtexit$$00000000
    libinit2.o(.ARM.Collect$$libinit$$0000000E) refers to libinit2.o(.ARM.Collect$$libinit$$0000000D) for .ARM.Collect$$libinit$$0000000D
    libinit2.o(.ARM.Collect$$libinit$$00000010) refers to libinit2.o(.ARM.Collect$$libinit$$0000000D) for .ARM.Collect$$libinit$$0000000D
    libinit2.o(.ARM.Collect$$libinit$$00000012) refers to libinit2.o(.ARM.Collect$$libinit$$0000000D) for .ARM.Collect$$libinit$$0000000D
    libinit2.o(.ARM.Collect$$libinit$$00000014) refers to libinit2.o(.ARM.Collect$$libinit$$0000000D) for .ARM.Collect$$libinit$$0000000D
    libinit2.o(.ARM.Collect$$libinit$$00000016) refers to libinit2.o(.ARM.Collect$$libinit$$0000000D) for .ARM.Collect$$libinit$$0000000D
    libinit2.o(.ARM.Collect$$libinit$$00000024) refers to argv_veneer.o(.emb_text) for __ARM_argv_veneer
    libinit2.o(.ARM.Collect$$libinit$$00000025) refers to argv_veneer.o(.emb_text) for __ARM_argv_veneer
    rtexit2.o(.ARM.Collect$$rtexit$$00000003) refers to libshutdown.o(.ARM.Collect$$libshutdown$$00000000) for __rt_lib_shutdown
    rtexit2.o(.ARM.Collect$$rtexit$$00000004) refers to sys_exit.o(.text) for _sys_exit
    rtexit2.o(.ARM.exidx) refers to rtexit2.o(.ARM.Collect$$rtexit$$00000001) for .ARM.Collect$$rtexit$$00000001
    rtexit2.o(.ARM.exidx) refers to rtexit2.o(.ARM.Collect$$rtexit$$00000003) for .ARM.Collect$$rtexit$$00000003
    rtexit2.o(.ARM.exidx) refers to rtexit2.o(.ARM.Collect$$rtexit$$00000004) for .ARM.Collect$$rtexit$$00000004
    argv_veneer.o(.emb_text) refers to no_argv.o(.text) for __ARM_get_argv
    sys_exit.o(.text) refers (Special) to use_no_semi.o(.text) for __I$use$semihosting
    sys_exit.o(.text) refers (Special) to indicate_semi.o(.text) for __semihosting_library_function
    _get_argv_nomalloc.o(.text) refers (Special) to hrguard.o(.text) for __heap_region$guard
    _get_argv_nomalloc.o(.text) refers to defsig_rtmem_outer.o(.text) for __rt_SIGRTMEM
    _get_argv_nomalloc.o(.text) refers to sys_command.o(.text) for _sys_command_string
    libshutdown.o(.ARM.Collect$$libshutdown$$00000000) refers (Special) to libshutdown2.o(.ARM.Collect$$libshutdown$$00000006) for __rt_lib_shutdown_fp_trap_1
    libshutdown.o(.ARM.Collect$$libshutdown$$00000000) refers (Special) to libshutdown2.o(.ARM.Collect$$libshutdown$$0000000E) for __rt_lib_shutdown_heap_1
    libshutdown.o(.ARM.Collect$$libshutdown$$00000000) refers (Special) to libshutdown2.o(.ARM.Collect$$libshutdown$$0000000F) for __rt_lib_shutdown_return
    libshutdown.o(.ARM.Collect$$libshutdown$$00000000) refers (Special) to libshutdown2.o(.ARM.Collect$$libshutdown$$00000009) for __rt_lib_shutdown_signal_1
    libshutdown.o(.ARM.Collect$$libshutdown$$00000000) refers (Special) to libshutdown2.o(.ARM.Collect$$libshutdown$$00000003) for __rt_lib_shutdown_stdio_1
    libshutdown.o(.ARM.Collect$$libshutdown$$00000000) refers (Special) to libshutdown2.o(.ARM.Collect$$libshutdown$$0000000B) for __rt_lib_shutdown_user_alloc_1
    sys_command.o(.text) refers (Special) to use_no_semi.o(.text) for __I$use$semihosting
    sys_command.o(.text) refers (Special) to indicate_semi.o(.text) for __semihosting_library_function
    defsig_rtmem_outer.o(.text) refers to defsig_rtmem_inner.o(.text) for __rt_SIGRTMEM_inner
    defsig_rtmem_outer.o(.text) refers to defsig_exit.o(.text) for __sig_exit
    defsig_rtmem_formal.o(.text) refers to rt_raise.o(.text) for __rt_raise
    rt_raise.o(.text) refers to __raise.o(.text) for __raise
    rt_raise.o(.text) refers to sys_exit.o(.text) for _sys_exit
    defsig_exit.o(.text) refers to sys_exit.o(.text) for _sys_exit
    defsig_rtmem_inner.o(.text) refers to defsig_general.o(.text) for __default_signal_display
    __raise.o(.text) refers to defsig.o(CL$$defsig) for __default_signal_handler
    defsig_general.o(.text) refers to sys_wrch.o(.text) for _ttywrch
    sys_wrch.o(.text) refers (Special) to use_no_semi.o(.text) for __I$use$semihosting
    sys_wrch.o(.text) refers (Special) to indicate_semi.o(.text) for __semihosting_library_function
    defsig.o(CL$$defsig) refers to defsig_rtmem_inner.o(.text) for __rt_SIGRTMEM_inner
    defsig_abrt_inner.o(.text) refers to defsig_general.o(.text) for __default_signal_display
    defsig_fpe_inner.o(.text) refers to defsig_general.o(.text) for __default_signal_display
    defsig_rtred_inner.o(.text) refers to defsig_general.o(.text) for __default_signal_display
    defsig_stak_inner.o(.text) refers to defsig_general.o(.text) for __default_signal_display
    defsig_pvfn_inner.o(.text) refers to defsig_general.o(.text) for __default_signal_display
    defsig_cppl_inner.o(.text) refers to defsig_general.o(.text) for __default_signal_display
    defsig_segv_inner.o(.text) refers to defsig_general.o(.text) for __default_signal_display
    defsig_other.o(.text) refers to defsig_general.o(.text) for __default_signal_display


==============================================================================

Removing Unused input sections from the image.

    Removing core_cm3.o(.emb_text), (32 bytes).
    Removing system_lpc17xx.o(.rev16_text), (4 bytes).
    Removing system_lpc17xx.o(.revsh_text), (4 bytes).
    Removing main.o(.rev16_text), (4 bytes).
    Removing main.o(.revsh_text), (4 bytes).
    Removing lpc17xx_it.o(.rev16_text), (4 bytes).
    Removing lpc17xx_it.o(.revsh_text), (4 bytes).
    Removing netconf.o(.rev16_text), (4 bytes).
    Removing netconf.o(.revsh_text), (4 bytes).
    Removing tcp_server.o(.rev16_text), (4 bytes).
    Removing tcp_server.o(.revsh_text), (4 bytes).
    Removing emac.o(.rev16_text), (4 bytes).
    Removing emac.o(.revsh_text), (4 bytes).
    Removing uart.o(.rev16_text), (4 bytes).
    Removing uart.o(.revsh_text), (4 bytes).
    Removing lcd1602.o(.rev16_text), (4 bytes).
    Removing lcd1602.o(.revsh_text), (4 bytes).
    Removing max485.o(.rev16_text), (4 bytes).
    Removing max485.o(.revsh_text), (4 bytes).
    Removing init.o(.text), (12 bytes).
    Removing ethernetif.o(.rev16_text), (4 bytes).
    Removing ethernetif.o(.revsh_text), (4 bytes).

22 unused section(s) (total 124 bytes) removed from the image.

==============================================================================

Image Symbol Table

    Local Symbols

    Symbol Name                              Value     Ov Type        Size  Object(Section)

    RESET                                    0x00000000   Section      204  startup_lpc17xx.o(RESET)
    ../clib/angel/boardlib.s                 0x00000000   Number         0  boardshut.o ABSOLUTE
    ../clib/angel/boardlib.s                 0x00000000   Number         0  boardinit3.o ABSOLUTE
    ../clib/angel/boardlib.s                 0x00000000   Number         0  boardinit1.o ABSOLUTE
    ../clib/angel/boardlib.s                 0x00000000   Number         0  boardinit2.o ABSOLUTE
    ../clib/angel/dclz77c.s                  0x00000000   Number         0  __dclz77c.o ABSOLUTE
    ../clib/angel/handlers.s                 0x00000000   Number         0  __scatter_zi.o ABSOLUTE
    ../clib/angel/kernel.s                   0x00000000   Number         0  rtentry2.o ABSOLUTE
    ../clib/angel/kernel.s                   0x00000000   Number         0  rtexit2.o ABSOLUTE
    ../clib/angel/kernel.s                   0x00000000   Number         0  rtentry.o ABSOLUTE
    ../clib/angel/kernel.s                   0x00000000   Number         0  rtentry4.o ABSOLUTE
    ../clib/angel/kernel.s                   0x00000000   Number         0  rtexit.o ABSOLUTE
    ../clib/angel/rt.s                       0x00000000   Number         0  rt_raise.o ABSOLUTE
    ../clib/angel/scatter.s                  0x00000000   Number         0  __scatter.o ABSOLUTE
    ../clib/angel/startup.s                  0x00000000   Number         0  __main.o ABSOLUTE
    ../clib/angel/sys.s                      0x00000000   Number         0  use_no_semi.o ABSOLUTE
    ../clib/angel/sys.s                      0x00000000   Number         0  indicate_semi.o ABSOLUTE
    ../clib/angel/sys.s                      0x00000000   Number         0  libspace.o ABSOLUTE
    ../clib/angel/sys.s                      0x00000000   Number         0  sys_stackheap_outer.o ABSOLUTE
    ../clib/angel/sysapp.c                   0x00000000   Number         0  sys_command.o ABSOLUTE
    ../clib/angel/sysapp.c                   0x00000000   Number         0  sys_wrch.o ABSOLUTE
    ../clib/angel/sysapp.c                   0x00000000   Number         0  sys_exit.o ABSOLUTE
    ../clib/armsys.c                         0x00000000   Number         0  argv_veneer.o ABSOLUTE
    ../clib/armsys.c                         0x00000000   Number         0  argv_veneer.o ABSOLUTE
    ../clib/armsys.c                         0x00000000   Number         0  _get_argv_nomalloc.o ABSOLUTE
    ../clib/armsys.c                         0x00000000   Number         0  no_argv.o ABSOLUTE
    ../clib/heapalloc.c                      0x00000000   Number         0  hrguard.o ABSOLUTE
    ../clib/heapaux.c                        0x00000000   Number         0  heapauxi.o ABSOLUTE
    ../clib/libinit.s                        0x00000000   Number         0  libinit2.o ABSOLUTE
    ../clib/libinit.s                        0x00000000   Number         0  libshutdown.o ABSOLUTE
    ../clib/libinit.s                        0x00000000   Number         0  libinit.o ABSOLUTE
    ../clib/libinit.s                        0x00000000   Number         0  libshutdown2.o ABSOLUTE
    ../clib/memcpset.s                       0x00000000   Number         0  rt_memcpy_w.o ABSOLUTE
    ../clib/memcpset.s                       0x00000000   Number         0  rt_memclr_w.o ABSOLUTE
    ../clib/memcpset.s                       0x00000000   Number         0  rt_memclr.o ABSOLUTE
    ../clib/memcpset.s                       0x00000000   Number         0  rt_memcpy_v6.o ABSOLUTE
    ../clib/signal.c                         0x00000000   Number         0  defsig_segv_inner.o ABSOLUTE
    ../clib/signal.c                         0x00000000   Number         0  defsig_other.o ABSOLUTE
    ../clib/signal.c                         0x00000000   Number         0  defsig_rtmem_formal.o ABSOLUTE
    ../clib/signal.c                         0x00000000   Number         0  defsig_stak_inner.o ABSOLUTE
    ../clib/signal.c                         0x00000000   Number         0  defsig_rtmem_outer.o ABSOLUTE
    ../clib/signal.c                         0x00000000   Number         0  defsig_exit.o ABSOLUTE
    ../clib/signal.c                         0x00000000   Number         0  defsig_rtmem_inner.o ABSOLUTE
    ../clib/signal.c                         0x00000000   Number         0  __raise.o ABSOLUTE
    ../clib/signal.c                         0x00000000   Number         0  defsig_general.o ABSOLUTE
    ../clib/signal.c                         0x00000000   Number         0  defsig_cppl_inner.o ABSOLUTE
    ../clib/signal.c                         0x00000000   Number         0  defsig_abrt_inner.o ABSOLUTE
    ../clib/signal.c                         0x00000000   Number         0  defsig_fpe_inner.o ABSOLUTE
    ../clib/signal.c                         0x00000000   Number         0  defsig_rtred_inner.o ABSOLUTE
    ../clib/signal.c                         0x00000000   Number         0  defsig_pvfn_inner.o ABSOLUTE
    ../clib/signal.s                         0x00000000   Number         0  defsig.o ABSOLUTE
    ../clib/stdlib.c                         0x00000000   Number         0  exit.o ABSOLUTE
    ../clib/string.c                         0x00000000   Number         0  strncmp.o ABSOLUTE
    ../fplib/fpinit.s                        0x00000000   Number         0  fpinit.o ABSOLUTE
    ..\App\LPC17xx_it.c                      0x00000000   Number         0  lpc17xx_it.o ABSOLUTE
    ..\App\TCP_server.c                      0x00000000   Number         0  tcp_server.o ABSOLUTE
    ..\App\main.c                            0x00000000   Number         0  main.o ABSOLUTE
    ..\Cmsis\core_cm3.c                      0x00000000   Number         0  core_cm3.o ABSOLUTE
    ..\Cmsis\startup_LPC17xx.s               0x00000000   Number         0  startup_lpc17xx.o ABSOLUTE
    ..\Cmsis\system_LPC17xx.c                0x00000000   Number         0  system_lpc17xx.o ABSOLUTE
    ..\ExtiDrive\LCD1602.c                   0x00000000   Number         0  lcd1602.o ABSOLUTE
    ..\ExtiDrive\MAX485.c                    0x00000000   Number         0  max485.o ABSOLUTE
    ..\ExtiDrive\emac.c                      0x00000000   Number         0  emac.o ABSOLUTE
    ..\ExtiDrive\netconf.c                   0x00000000   Number         0  netconf.o ABSOLUTE
    ..\ExtiDrive\uart.c                      0x00000000   Number         0  uart.o ABSOLUTE
    ..\\App\\LPC17xx_it.c                    0x00000000   Number         0  lpc17xx_it.o ABSOLUTE
    ..\\App\\TCP_server.c                    0x00000000   Number         0  tcp_server.o ABSOLUTE
    ..\\App\\main.c                          0x00000000   Number         0  main.o ABSOLUTE
    ..\\Cmsis\\core_cm3.c                    0x00000000   Number         0  core_cm3.o ABSOLUTE
    ..\\Cmsis\\system_LPC17xx.c              0x00000000   Number         0  system_lpc17xx.o ABSOLUTE
    ..\\ExtiDrive\\LCD1602.c                 0x00000000   Number         0  lcd1602.o ABSOLUTE
    ..\\ExtiDrive\\MAX485.c                  0x00000000   Number         0  max485.o ABSOLUTE
    ..\\ExtiDrive\\emac.c                    0x00000000   Number         0  emac.o ABSOLUTE
    ..\\ExtiDrive\\netconf.c                 0x00000000   Number         0  netconf.o ABSOLUTE
    ..\\ExtiDrive\\uart.c                    0x00000000   Number         0  uart.o ABSOLUTE
    ..\\lwip-1.3.1\\port\\ethernetif.c       0x00000000   Number         0  ethernetif.o ABSOLUTE
    ..\lwip-1.3.1\port\ethernetif.c          0x00000000   Number         0  ethernetif.o ABSOLUTE
    ..\lwip-1.3.1\src\api\api_lib.c          0x00000000   Number         0  api_lib.o ABSOLUTE
    ..\lwip-1.3.1\src\api\api_msg.c          0x00000000   Number         0  api_msg.o ABSOLUTE
    ..\lwip-1.3.1\src\api\err.c              0x00000000   Number         0  err.o ABSOLUTE
    ..\lwip-1.3.1\src\api\netbuf.c           0x00000000   Number         0  netbuf.o ABSOLUTE
    ..\lwip-1.3.1\src\api\netdb.c            0x00000000   Number         0  netdb.o ABSOLUTE
    ..\lwip-1.3.1\src\api\netifapi.c         0x00000000   Number         0  netifapi.o ABSOLUTE
    ..\lwip-1.3.1\src\api\sockets.c          0x00000000   Number         0  sockets.o ABSOLUTE
    ..\lwip-1.3.1\src\api\tcpip.c            0x00000000   Number         0  tcpip.o ABSOLUTE
    ..\lwip-1.3.1\src\core\dhcp.c            0x00000000   Number         0  dhcp.o ABSOLUTE
    ..\lwip-1.3.1\src\core\dns.c             0x00000000   Number         0  dns.o ABSOLUTE
    ..\lwip-1.3.1\src\core\init.c            0x00000000   Number         0  init.o ABSOLUTE
    ..\lwip-1.3.1\src\core\ipv4\autoip.c     0x00000000   Number         0  autoip.o ABSOLUTE
    ..\lwip-1.3.1\src\core\ipv4\icmp.c       0x00000000   Number         0  icmp.o ABSOLUTE
    ..\lwip-1.3.1\src\core\ipv4\igmp.c       0x00000000   Number         0  igmp.o ABSOLUTE
    ..\lwip-1.3.1\src\core\ipv4\inet.c       0x00000000   Number         0  inet.o ABSOLUTE
    ..\lwip-1.3.1\src\core\ipv4\inet_chksum.c 0x00000000   Number         0  inet_chksum.o ABSOLUTE
    ..\lwip-1.3.1\src\core\ipv4\ip.c         0x00000000   Number         0  ip.o ABSOLUTE
    ..\lwip-1.3.1\src\core\ipv4\ip_addr.c    0x00000000   Number         0  ip_addr.o ABSOLUTE
    ..\lwip-1.3.1\src\core\ipv4\ip_frag.c    0x00000000   Number         0  ip_frag.o ABSOLUTE
    ..\lwip-1.3.1\src\core\mem.c             0x00000000   Number         0  mem.o ABSOLUTE
    ..\lwip-1.3.1\src\core\memp.c            0x00000000   Number         0  memp.o ABSOLUTE
    ..\lwip-1.3.1\src\core\netif.c           0x00000000   Number         0  netif.o ABSOLUTE
    ..\lwip-1.3.1\src\core\pbuf.c            0x00000000   Number         0  pbuf.o ABSOLUTE
    ..\lwip-1.3.1\src\core\raw.c             0x00000000   Number         0  raw.o ABSOLUTE
    ..\lwip-1.3.1\src\core\stats.c           0x00000000   Number         0  stats.o ABSOLUTE
    ..\lwip-1.3.1\src\core\sys.c             0x00000000   Number         0  sys.o ABSOLUTE
    ..\lwip-1.3.1\src\core\tcp.c             0x00000000   Number         0  tcp.o ABSOLUTE
    ..\lwip-1.3.1\src\core\tcp_in.c          0x00000000   Number         0  tcp_in.o ABSOLUTE
    ..\lwip-1.3.1\src\core\tcp_out.c         0x00000000   Number         0  tcp_out.o ABSOLUTE
    ..\lwip-1.3.1\src\core\udp.c             0x00000000   Number         0  udp.o ABSOLUTE
    ..\lwip-1.3.1\src\netif\etharp.c         0x00000000   Number         0  etharp.o ABSOLUTE
    dc.s                                     0x00000000   Number         0  dc.o ABSOLUTE
    !!!main                                  0x000000cc   Section        8  __main.o(!!!main)
    !!!scatter                               0x000000d4   Section       52  __scatter.o(!!!scatter)
    !!dclz77c                                0x00000108   Section      100  __dclz77c.o(!!dclz77c)
    !!handler_zi                             0x0000016c   Section       28  __scatter_zi.o(!!handler_zi)
    .ARM.Collect$$libinit$$00000000          0x00000188   Section        2  libinit.o(.ARM.Collect$$libinit$$00000000)
    .ARM.Collect$$libinit$$00000002          0x0000018a   Section        0  libinit2.o(.ARM.Collect$$libinit$$00000002)
    .ARM.Collect$$libinit$$00000008          0x0000018a   Section        0  libinit2.o(.ARM.Collect$$libinit$$00000008)
    .ARM.Collect$$libinit$$0000000A          0x0000018a   Section        0  libinit2.o(.ARM.Collect$$libinit$$0000000A)
    .ARM.Collect$$libinit$$0000000C          0x0000018a   Section        0  libinit2.o(.ARM.Collect$$libinit$$0000000C)
    .ARM.Collect$$libinit$$0000000F          0x0000018a   Section        0  libinit2.o(.ARM.Collect$$libinit$$0000000F)
    .ARM.Collect$$libinit$$00000011          0x0000018a   Section        0  libinit2.o(.ARM.Collect$$libinit$$00000011)
    .ARM.Collect$$libinit$$00000013          0x0000018a   Section        0  libinit2.o(.ARM.Collect$$libinit$$00000013)
    .ARM.Collect$$libinit$$00000015          0x0000018a   Section        0  libinit2.o(.ARM.Collect$$libinit$$00000015)
    .ARM.Collect$$libinit$$00000017          0x0000018a   Section        0  libinit2.o(.ARM.Collect$$libinit$$00000017)
    .ARM.Collect$$libinit$$00000019          0x0000018a   Section        0  libinit2.o(.ARM.Collect$$libinit$$00000019)
    .ARM.Collect$$libinit$$0000001B          0x0000018a   Section        0  libinit2.o(.ARM.Collect$$libinit$$0000001B)
    .ARM.Collect$$libinit$$0000001D          0x0000018a   Section        0  libinit2.o(.ARM.Collect$$libinit$$0000001D)
    .ARM.Collect$$libinit$$0000001F          0x0000018a   Section        0  libinit2.o(.ARM.Collect$$libinit$$0000001F)
    .ARM.Collect$$libinit$$00000021          0x0000018a   Section        0  libinit2.o(.ARM.Collect$$libinit$$00000021)
    .ARM.Collect$$libinit$$00000023          0x0000018a   Section        0  libinit2.o(.ARM.Collect$$libinit$$00000023)
    .ARM.Collect$$libinit$$0000002A          0x0000018a   Section        0  libinit2.o(.ARM.Collect$$libinit$$0000002A)
    .ARM.Collect$$libinit$$0000002C          0x0000018a   Section        0  libinit2.o(.ARM.Collect$$libinit$$0000002C)
    .ARM.Collect$$libinit$$0000002E          0x0000018a   Section        0  libinit2.o(.ARM.Collect$$libinit$$0000002E)
    .ARM.Collect$$libinit$$00000030          0x0000018a   Section        0  libinit2.o(.ARM.Collect$$libinit$$00000030)
    .ARM.Collect$$libinit$$00000031          0x0000018a   Section        2  libinit2.o(.ARM.Collect$$libinit$$00000031)
    .ARM.Collect$$libshutdown$$00000000      0x0000018c   Section        2  libshutdown.o(.ARM.Collect$$libshutdown$$00000000)
    .ARM.Collect$$libshutdown$$00000003      0x0000018e   Section        0  libshutdown2.o(.ARM.Collect$$libshutdown$$00000003)
    .ARM.Collect$$libshutdown$$00000006      0x0000018e   Section        0  libshutdown2.o(.ARM.Collect$$libshutdown$$00000006)
    .ARM.Collect$$libshutdown$$00000009      0x0000018e   Section        0  libshutdown2.o(.ARM.Collect$$libshutdown$$00000009)
    .ARM.Collect$$libshutdown$$0000000B      0x0000018e   Section        0  libshutdown2.o(.ARM.Collect$$libshutdown$$0000000B)
    .ARM.Collect$$libshutdown$$0000000E      0x0000018e   Section        0  libshutdown2.o(.ARM.Collect$$libshutdown$$0000000E)
    .ARM.Collect$$libshutdown$$0000000F      0x0000018e   Section        2  libshutdown2.o(.ARM.Collect$$libshutdown$$0000000F)
    .ARM.Collect$$rtentry$$00000000          0x00000190   Section        0  rtentry.o(.ARM.Collect$$rtentry$$00000000)
    .ARM.Collect$$rtentry$$00000002          0x00000190   Section        0  rtentry2.o(.ARM.Collect$$rtentry$$00000002)
    .ARM.Collect$$rtentry$$00000004          0x00000190   Section        6  rtentry4.o(.ARM.Collect$$rtentry$$00000004)
    .ARM.Collect$$rtentry$$00000009          0x00000196   Section        0  rtentry2.o(.ARM.Collect$$rtentry$$00000009)
    .ARM.Collect$$rtentry$$0000000A          0x00000196   Section        4  rtentry2.o(.ARM.Collect$$rtentry$$0000000A)
    .ARM.Collect$$rtentry$$0000000C          0x0000019a   Section        0  rtentry2.o(.ARM.Collect$$rtentry$$0000000C)
    .ARM.Collect$$rtentry$$0000000D          0x0000019a   Section        8  rtentry2.o(.ARM.Collect$$rtentry$$0000000D)
    .ARM.Collect$$rtexit$$00000000           0x000001a2   Section        2  rtexit.o(.ARM.Collect$$rtexit$$00000000)
    .ARM.Collect$$rtexit$$00000002           0x000001a4   Section        0  rtexit2.o(.ARM.Collect$$rtexit$$00000002)
    .ARM.Collect$$rtexit$$00000003           0x000001a4   Section        4  rtexit2.o(.ARM.Collect$$rtexit$$00000003)
    .ARM.Collect$$rtexit$$00000004           0x000001a8   Section        6  rtexit2.o(.ARM.Collect$$rtexit$$00000004)
    .text                                    0x000001b0   Section       60  startup_lpc17xx.o(.text)
    .text                                    0x000001ec   Section        0  main.o(.text)
    .text                                    0x000002e4   Section        0  heapauxi.o(.text)
    .text                                    0x000002ea   Section        0  exit.o(.text)
    .text                                    0x000002f6   Section        2  use_no_semi.o(.text)
    .text                                    0x000002f8   Section        0  indicate_semi.o(.text)
    .ARM.__at_0x02FC                         0x000002fc   Section        4  startup_lpc17xx.o(.ARM.__at_0x02FC)
    .text                                    0x00000300   Section        0  system_lpc17xx.o(.text)
    .text                                    0x0000051c   Section        0  lpc17xx_it.o(.text)
    .text                                    0x00000548   Section        0  netconf.o(.text)
    .text                                    0x000005e8   Section        0  tcp_server.o(.text)
    tcp_echoserver_connection_close          0x000005e9   Thumb Code    64  tcp_server.o(.text)
    tcp_echoserver_send                      0x00000629   Thumb Code    92  tcp_server.o(.text)
    tcp_echoserver_poll                      0x00000685   Thumb Code    62  tcp_server.o(.text)
    tcp_echoserver_error                     0x000006c3   Thumb Code    18  tcp_server.o(.text)
    tcp_echoserver_sent                      0x000006d5   Thumb Code    46  tcp_server.o(.text)
    tcp_echoserver_recv                      0x00000703   Thumb Code   216  tcp_server.o(.text)
    tcp_echoserver_accept                    0x000007db   Thumb Code    86  tcp_server.o(.text)
    .text                                    0x000009e8   Section        0  emac.o(.text)
    rx_descr_init                            0x000009e9   Thumb Code    86  emac.o(.text)
    tx_descr_init                            0x00000a3f   Thumb Code    78  emac.o(.text)
    write_PHY                                0x00000a8d   Thumb Code    54  emac.o(.text)
    read_PHY                                 0x00000ac3   Thumb Code    62  emac.o(.text)
    setEmacAddr                              0x00000b01   Thumb Code    44  emac.o(.text)
    emac_CRCCalc                             0x00000b2d   Thumb Code   142  emac.o(.text)
    .text                                    0x000010bc   Section        0  uart.o(.text)
    .text                                    0x000011f8   Section        0  lcd1602.o(.text)
    .text                                    0x0000137c   Section        0  max485.o(.text)
    .text                                    0x000013dc   Section        0  mem.o(.text)
    plug_holes                               0x000013dd   Thumb Code   168  mem.o(.text)
    .text                                    0x000017d8   Section        0  memp.o(.text)
    .text                                    0x00001898   Section        0  netif.o(.text)
    .text                                    0x00001a9c   Section        0  pbuf.o(.text)
    .text                                    0x000021a8   Section        0  raw.o(.text)
    .text                                    0x0000234c   Section        0  tcp.o(.text)
    tcp_new_port                             0x000029a7   Thumb Code   104  tcp.o(.text)
    tcp_accept_null                          0x00002af7   Thumb Code     8  tcp.o(.text)
    tcp_recv_null                            0x00002dd7   Thumb Code    40  tcp.o(.text)
    tcp_kill_prio                            0x00002dff   Thumb Code    78  tcp.o(.text)
    tcp_kill_timewait                        0x00002e4d   Thumb Code    52  tcp.o(.text)
    .text                                    0x00002f88   Section        0  tcp_in.o(.text)
    tcp_receive                              0x00002f89   Thumb Code  1796  tcp_in.o(.text)
    tcp_parseopt                             0x0000368d   Thumb Code   178  tcp_in.o(.text)
    tcp_process                              0x0000373f   Thumb Code  1442  tcp_in.o(.text)
    tcp_listen_input                         0x00003ce1   Thumb Code   272  tcp_in.o(.text)
    tcp_timewait_input                       0x00003df1   Thumb Code    72  tcp_in.o(.text)
    .text                                    0x00004310   Section        0  tcp_out.o(.text)
    tcp_output_set_header                    0x00004311   Thumb Code   132  tcp_out.o(.text)
    tcp_output_segment                       0x00004823   Thumb Code   212  tcp_out.o(.text)
    .text                                    0x00004dbc   Section        0  udp.o(.text)
    .text                                    0x00005200   Section        0  icmp.o(.text)
    icmp_send_response                       0x000053cb   Thumb Code   118  icmp.o(.text)
    .text                                    0x00005464   Section        0  inet.o(.text)
    .text                                    0x00005684   Section        0  inet_chksum.o(.text)
    lwip_standard_chksum                     0x00005685   Thumb Code    74  inet_chksum.o(.text)
    .text                                    0x000057dc   Section        0  ip.o(.text)
    .text                                    0x00005b20   Section        0  ip_addr.o(.text)
    .text                                    0x00005b70   Section        0  ip_frag.o(.text)
    ip_reass_dequeue_datagram                0x00005b71   Thumb Code    46  ip_frag.o(.text)
    ip_reass_free_complete_datagram          0x00005b9f   Thumb Code   166  ip_frag.o(.text)
    ip_reass_remove_oldest_datagram          0x00005c75   Thumb Code   118  ip_frag.o(.text)
    ip_reass_enqueue_new_datagram            0x00005ceb   Thumb Code    80  ip_frag.o(.text)
    ip_reass_chain_frag_into_datagram_and_validate 0x00005d3b   Thumb Code   416  ip_frag.o(.text)
    .text                                    0x000061c4   Section        0  etharp.o(.text)
    free_etharp_q                            0x000061c5   Thumb Code    64  etharp.o(.text)
    find_entry                               0x0000629f   Thumb Code   506  etharp.o(.text)
    etharp_send_ip                           0x00006499   Thumb Code    78  etharp.o(.text)
    update_arp_entry                         0x000064e7   Thumb Code   244  etharp.o(.text)
    etharp_raw                               0x000067a1   Thumb Code   202  etharp.o(.text)
    .text                                    0x00006b80   Section        0  ethernetif.o(.text)
    low_level_init                           0x00006b81   Thumb Code   194  ethernetif.o(.text)
    low_level_output                         0x00006c7d   Thumb Code    50  ethernetif.o(.text)
    low_level_input                          0x00006caf   Thumb Code   134  ethernetif.o(.text)
    .text                                    0x00006dd0   Section        0  strncmp.o(.text)
    .text                                    0x00006e66   Section      138  rt_memcpy_v6.o(.text)
    .text                                    0x00006ef0   Section       68  rt_memclr.o(.text)
    .text                                    0x00006f34   Section       78  rt_memclr_w.o(.text)
    .text                                    0x00006f82   Section      100  rt_memcpy_w.o(.text)
    .text                                    0x00006fe6   Section       74  sys_stackheap_outer.o(.text)
    .text                                    0x00007030   Section        8  libspace.o(.text)
    .text                                    0x00007038   Section        0  sys_exit.o(.text)
    .constdata                               0x00007044   Section        6  tcp_server.o(.constdata)
    .constdata                               0x0000704a   Section        7  emac.o(.constdata)
    .constdata                               0x00007052   Section       36  memp.o(.constdata)
    memp_sizes                               0x00007052   Data          18  memp.o(.constdata)
    memp_num                                 0x00007064   Data          18  memp.o(.constdata)
    .constdata                               0x00007076   Section       20  tcp.o(.constdata)
    .constdata                               0x0000708a   Section        8  ip_addr.o(.constdata)
    .constdata                               0x00007092   Section       12  etharp.o(.constdata)
    .data                                    0x10000000   Section        4  system_lpc17xx.o(.data)
    .data                                    0x10000004   Section       10  netconf.o(.data)
    .data                                    0x10000010   Section     1156  tcp_server.o(.data)
    tcp_echoserver_pcb                       0x1000048c   Data           4  tcp_server.o(.data)
    .data                                    0x10000494   Section       13  mem.o(.data)
    ram                                      0x10000494   Data           4  mem.o(.data)
    ram_end                                  0x10000498   Data           4  mem.o(.data)
    lfree                                    0x1000049c   Data           4  mem.o(.data)
    mem_sem                                  0x100004a0   Data           1  mem.o(.data)
    .data                                    0x100004a4   Section       12  netif.o(.data)
    netifnum                                 0x100004a4   Data           1  netif.o(.data)
    .data                                    0x100004b0   Section        4  raw.o(.data)
    raw_pcbs                                 0x100004b0   Data           4  raw.o(.data)
    .data                                    0x100004b4   Section       33  tcp.o(.data)
    port                                     0x100004b4   Data           2  tcp.o(.data)
    iss                                      0x100004b8   Data           4  tcp.o(.data)
    tcp_timer                                0x100004d4   Data           1  tcp.o(.data)
    .data                                    0x100004d8   Section       32  tcp_in.o(.data)
    tcphdr                                   0x100004d8   Data           4  tcp_in.o(.data)
    iphdr                                    0x100004dc   Data           4  tcp_in.o(.data)
    seqno                                    0x100004e0   Data           4  tcp_in.o(.data)
    ackno                                    0x100004e4   Data           4  tcp_in.o(.data)
    flags                                    0x100004e8   Data           1  tcp_in.o(.data)
    tcplen                                   0x100004ea   Data           2  tcp_in.o(.data)
    recv_flags                               0x100004ec   Data           1  tcp_in.o(.data)
    recv_data                                0x100004f0   Data           4  tcp_in.o(.data)
    .data                                    0x100004f8   Section        4  udp.o(.data)
    .data                                    0x100004fc   Section       12  ip.o(.data)
    ip_id                                    0x100004fc   Data           2  ip.o(.data)
    current_netif                            0x10000500   Data           4  ip.o(.data)
    current_header                           0x10000504   Data           4  ip.o(.data)
    .data                                    0x10000508   Section        6  ip_frag.o(.data)
    reassdatagrams                           0x10000508   Data           4  ip_frag.o(.data)
    ip_reass_pbufcount                       0x1000050c   Data           2  ip_frag.o(.data)
    .data                                    0x1000050e   Section        1  etharp.o(.data)
    etharp_cached_entry                      0x1000050e   Data           1  etharp.o(.data)
    .bss                                     0x10000510   Section       48  netconf.o(.bss)
    .bss                                     0x10000540   Section    20500  mem.o(.bss)
    ram_heap                                 0x10000540   Data       20500  mem.o(.bss)
    .bss                                     0x10005554   Section       20  tcp_in.o(.bss)
    inseg                                    0x10005554   Data          20  tcp_in.o(.bss)
    .bss                                     0x10005568   Section       16  inet.o(.bss)
    str                                      0x10005568   Data          16  inet.o(.bss)
    .bss                                     0x10005578   Section     1504  ip_frag.o(.bss)
    buf                                      0x10005578   Data        1504  ip_frag.o(.bss)
    .bss                                     0x10005b58   Section      200  etharp.o(.bss)
    arp_table                                0x10005b58   Data         200  etharp.o(.bss)
    .bss                                     0x10005c20   Section     3072  ethernetif.o(.bss)
    .bss                                     0x10006820   Section       96  libspace.o(.bss)
    HEAP                                     0x10006880   Section        0  startup_lpc17xx.o(HEAP)
    STACK                                    0x10006880   Section      512  startup_lpc17xx.o(STACK)
    Heap_Mem                                 0x10006880   Data           0  startup_lpc17xx.o(HEAP)
    Stack_Mem                                0x10006880   Data         512  startup_lpc17xx.o(STACK)
    __initial_sp                             0x10006a80   Data           0  startup_lpc17xx.o(STACK)
    .bss                                     0x2007c000   Section    10852  emac.o(.bss)
    Rx_Desc                                  0x2007c000   Data          32  emac.o(.bss)
    Rx_Stat                                  0x2007c020   Data          32  emac.o(.bss)
    Tx_Desc                                  0x2007c040   Data          24  emac.o(.bss)
    Tx_Stat                                  0x2007c058   Data          12  emac.o(.bss)
    rx_buf                                   0x2007c064   Data        6144  emac.o(.bss)
    tx_buf                                   0x2007d864   Data        4608  emac.o(.bss)
    .bss                                     0x2007ea64   Section    18095  memp.o(.bss)
    memp_tab                                 0x2007ea64   Data          36  memp.o(.bss)
    memp_memory                              0x2007ea88   Data       18059  memp.o(.bss)

    Global Symbols

    Symbol Name                              Value     Ov Type        Size  Object(Section)

    BuildAttributes$$THM_ISAv4$P$D$K$B$S$PE$A:L22UL41UL21$X:L11$S22US41US21$IEEE1$IW$USESV6$~STKCKD$USESV7$~SHL$OSPACE$ROPI$EBA8$UX$STANDARDLIB$REQ8$PRES8$EABIv2 0x00000000   Number         0  anon$$obj.o ABSOLUTE
    __ARM_use_no_argv                        0x00000000   Number         0  main.o ABSOLUTE
    __Vectors                                0x00000000   Data           4  startup_lpc17xx.o(RESET)
    __ARM_exceptions_init                     - Undefined Weak Reference
    __alloca_initialize                       - Undefined Weak Reference
    __cpp_initialize__aeabi_                  - Undefined Weak Reference
    __cxa_finalize                            - Undefined Weak Reference
    __rt_locale                               - Undefined Weak Reference
    __sigvec_lookup                           - Undefined Weak Reference
    _atexit_init                              - Undefined Weak Reference
    _call_atexit_fns                          - Undefined Weak Reference
    _clock_init                               - Undefined Weak Reference
    _fp_trap_init                             - Undefined Weak Reference
    _fp_trap_shutdown                         - Undefined Weak Reference
    _get_lc_collate                           - Undefined Weak Reference
    _get_lc_ctype                             - Undefined Weak Reference
    _get_lc_monetary                          - Undefined Weak Reference
    _get_lc_numeric                           - Undefined Weak Reference
    _get_lc_time                              - Undefined Weak Reference
    _getenv_init                              - Undefined Weak Reference
    _handle_redirection                       - Undefined Weak Reference
    _init_alloc                               - Undefined Weak Reference
    _init_user_alloc                          - Undefined Weak Reference
    _initio                                   - Undefined Weak Reference
    _rand_init                                - Undefined Weak Reference
    _signal_finish                            - Undefined Weak Reference
    _signal_init                              - Undefined Weak Reference
    _terminate_alloc                          - Undefined Weak Reference
    _terminate_user_alloc                     - Undefined Weak Reference
    _terminateio                              - Undefined Weak Reference
    __main                                   0x000000cd   Thumb Code     8  __main.o(!!!main)
    __scatterload                            0x000000d5   Thumb Code     0  __scatter.o(!!!scatter)
    __scatterload_rt2                        0x000000d5   Thumb Code    44  __scatter.o(!!!scatter)
    __scatterload_rt2_thumb_only             0x000000d5   Thumb Code     0  __scatter.o(!!!scatter)
    __scatterload_null                       0x000000e3   Thumb Code     0  __scatter.o(!!!scatter)
    __decompress                             0x00000109   Thumb Code   100  __dclz77c.o(!!dclz77c)
    __decompress2                            0x00000109   Thumb Code     0  __dclz77c.o(!!dclz77c)
    __scatterload_zeroinit                   0x0000016d   Thumb Code    28  __scatter_zi.o(!!handler_zi)
    __rt_lib_init                            0x00000189   Thumb Code     0  libinit.o(.ARM.Collect$$libinit$$00000000)
    __rt_lib_init_alloca_1                   0x0000018b   Thumb Code     0  libinit2.o(.ARM.Collect$$libinit$$0000002C)
    __rt_lib_init_argv_1                     0x0000018b   Thumb Code     0  libinit2.o(.ARM.Collect$$libinit$$0000002A)
    __rt_lib_init_atexit_1                   0x0000018b   Thumb Code     0  libinit2.o(.ARM.Collect$$libinit$$00000019)
    __rt_lib_init_clock_1                    0x0000018b   Thumb Code     0  libinit2.o(.ARM.Collect$$libinit$$0000001F)
    __rt_lib_init_cpp_1                      0x0000018b   Thumb Code     0  libinit2.o(.ARM.Collect$$libinit$$00000030)
    __rt_lib_init_exceptions_1               0x0000018b   Thumb Code     0  libinit2.o(.ARM.Collect$$libinit$$0000002E)
    __rt_lib_init_fp_1                       0x0000018b   Thumb Code     0  libinit2.o(.ARM.Collect$$libinit$$00000002)
    __rt_lib_init_fp_trap_1                  0x0000018b   Thumb Code     0  libinit2.o(.ARM.Collect$$libinit$$0000001D)
    __rt_lib_init_getenv_1                   0x0000018b   Thumb Code     0  libinit2.o(.ARM.Collect$$libinit$$00000021)
    __rt_lib_init_heap_1                     0x0000018b   Thumb Code     0  libinit2.o(.ARM.Collect$$libinit$$00000008)
    __rt_lib_init_lc_collate_1               0x0000018b   Thumb Code     0  libinit2.o(.ARM.Collect$$libinit$$0000000F)
    __rt_lib_init_lc_ctype_1                 0x0000018b   Thumb Code     0  libinit2.o(.ARM.Collect$$libinit$$00000011)
    __rt_lib_init_lc_monetary_1              0x0000018b   Thumb Code     0  libinit2.o(.ARM.Collect$$libinit$$00000013)
    __rt_lib_init_lc_numeric_1               0x0000018b   Thumb Code     0  libinit2.o(.ARM.Collect$$libinit$$00000015)
    __rt_lib_init_lc_time_1                  0x0000018b   Thumb Code     0  libinit2.o(.ARM.Collect$$libinit$$00000017)
    __rt_lib_init_rand_1                     0x0000018b   Thumb Code     0  libinit2.o(.ARM.Collect$$libinit$$0000000C)
    __rt_lib_init_return                     0x0000018b   Thumb Code     0  libinit2.o(.ARM.Collect$$libinit$$00000031)
    __rt_lib_init_signal_1                   0x0000018b   Thumb Code     0  libinit2.o(.ARM.Collect$$libinit$$0000001B)
    __rt_lib_init_stdio_1                    0x0000018b   Thumb Code     0  libinit2.o(.ARM.Collect$$libinit$$00000023)
    __rt_lib_init_user_alloc_1               0x0000018b   Thumb Code     0  libinit2.o(.ARM.Collect$$libinit$$0000000A)
    __rt_lib_shutdown                        0x0000018d   Thumb Code     0  libshutdown.o(.ARM.Collect$$libshutdown$$00000000)
    __rt_lib_shutdown_fp_trap_1              0x0000018f   Thumb Code     0  libshutdown2.o(.ARM.Collect$$libshutdown$$00000006)
    __rt_lib_shutdown_heap_1                 0x0000018f   Thumb Code     0  libshutdown2.o(.ARM.Collect$$libshutdown$$0000000E)
    __rt_lib_shutdown_return                 0x0000018f   Thumb Code     0  libshutdown2.o(.ARM.Collect$$libshutdown$$0000000F)
    __rt_lib_shutdown_signal_1               0x0000018f   Thumb Code     0  libshutdown2.o(.ARM.Collect$$libshutdown$$00000009)
    __rt_lib_shutdown_stdio_1                0x0000018f   Thumb Code     0  libshutdown2.o(.ARM.Collect$$libshutdown$$00000003)
    __rt_lib_shutdown_user_alloc_1           0x0000018f   Thumb Code     0  libshutdown2.o(.ARM.Collect$$libshutdown$$0000000B)
    __rt_entry                               0x00000191   Thumb Code     0  rtentry.o(.ARM.Collect$$rtentry$$00000000)
    __rt_entry_presh_1                       0x00000191   Thumb Code     0  rtentry2.o(.ARM.Collect$$rtentry$$00000002)
    __rt_entry_sh                            0x00000191   Thumb Code     0  rtentry4.o(.ARM.Collect$$rtentry$$00000004)
    __rt_entry_li                            0x00000197   Thumb Code     0  rtentry2.o(.ARM.Collect$$rtentry$$0000000A)
    __rt_entry_postsh_1                      0x00000197   Thumb Code     0  rtentry2.o(.ARM.Collect$$rtentry$$00000009)
    __rt_entry_main                          0x0000019b   Thumb Code     0  rtentry2.o(.ARM.Collect$$rtentry$$0000000D)
    __rt_entry_postli_1                      0x0000019b   Thumb Code     0  rtentry2.o(.ARM.Collect$$rtentry$$0000000C)
    __rt_exit                                0x000001a3   Thumb Code     0  rtexit.o(.ARM.Collect$$rtexit$$00000000)
    __rt_exit_ls                             0x000001a5   Thumb Code     0  rtexit2.o(.ARM.Collect$$rtexit$$00000003)
    __rt_exit_prels_1                        0x000001a5   Thumb Code     0  rtexit2.o(.ARM.Collect$$rtexit$$00000002)
    __rt_exit_exit                           0x000001a9   Thumb Code     0  rtexit2.o(.ARM.Collect$$rtexit$$00000004)
    Reset_Handler                            0x000001b1   Thumb Code     8  startup_lpc17xx.o(.text)
    NMI_Handler                              0x000001b9   Thumb Code     2  startup_lpc17xx.o(.text)
    HardFault_Handler                        0x000001bb   Thumb Code     2  startup_lpc17xx.o(.text)
    MemManage_Handler                        0x000001bd   Thumb Code     2  startup_lpc17xx.o(.text)
    BusFault_Handler                         0x000001bf   Thumb Code     2  startup_lpc17xx.o(.text)
    UsageFault_Handler                       0x000001c1   Thumb Code     2  startup_lpc17xx.o(.text)
    SVC_Handler                              0x000001c3   Thumb Code     2  startup_lpc17xx.o(.text)
    DebugMon_Handler                         0x000001c5   Thumb Code     2  startup_lpc17xx.o(.text)
    PendSV_Handler                           0x000001c7   Thumb Code     2  startup_lpc17xx.o(.text)
    SysTick_Handler                          0x000001c9   Thumb Code     2  startup_lpc17xx.o(.text)
    ADC_IRQHandler                           0x000001cb   Thumb Code     0  startup_lpc17xx.o(.text)
    BOD_IRQHandler                           0x000001cb   Thumb Code     0  startup_lpc17xx.o(.text)
    CANActivity_IRQHandler                   0x000001cb   Thumb Code     0  startup_lpc17xx.o(.text)
    CAN_IRQHandler                           0x000001cb   Thumb Code     0  startup_lpc17xx.o(.text)
    DMA_IRQHandler                           0x000001cb   Thumb Code     0  startup_lpc17xx.o(.text)
    EINT0_IRQHandler                         0x000001cb   Thumb Code     0  startup_lpc17xx.o(.text)
    EINT1_IRQHandler                         0x000001cb   Thumb Code     0  startup_lpc17xx.o(.text)
    EINT2_IRQHandler                         0x000001cb   Thumb Code     0  startup_lpc17xx.o(.text)
    EINT3_IRQHandler                         0x000001cb   Thumb Code     0  startup_lpc17xx.o(.text)
    I2C0_IRQHandler                          0x000001cb   Thumb Code     0  startup_lpc17xx.o(.text)
    I2C1_IRQHandler                          0x000001cb   Thumb Code     0  startup_lpc17xx.o(.text)
    I2C2_IRQHandler                          0x000001cb   Thumb Code     0  startup_lpc17xx.o(.text)
    I2S_IRQHandler                           0x000001cb   Thumb Code     0  startup_lpc17xx.o(.text)
    MCPWM_IRQHandler                         0x000001cb   Thumb Code     0  startup_lpc17xx.o(.text)
    PLL0_IRQHandler                          0x000001cb   Thumb Code     0  startup_lpc17xx.o(.text)
    PLL1_IRQHandler                          0x000001cb   Thumb Code     0  startup_lpc17xx.o(.text)
    PWM1_IRQHandler                          0x000001cb   Thumb Code     0  startup_lpc17xx.o(.text)
    QEI_IRQHandler                           0x000001cb   Thumb Code     0  startup_lpc17xx.o(.text)
    RIT_IRQHandler                           0x000001cb   Thumb Code     0  startup_lpc17xx.o(.text)
    RTC_IRQHandler                           0x000001cb   Thumb Code     0  startup_lpc17xx.o(.text)
    SPI_IRQHandler                           0x000001cb   Thumb Code     0  startup_lpc17xx.o(.text)
    SSP0_IRQHandler                          0x000001cb   Thumb Code     0  startup_lpc17xx.o(.text)
    SSP1_IRQHandler                          0x000001cb   Thumb Code     0  startup_lpc17xx.o(.text)
    TIMER0_IRQHandler                        0x000001cb   Thumb Code     0  startup_lpc17xx.o(.text)
    TIMER1_IRQHandler                        0x000001cb   Thumb Code     0  startup_lpc17xx.o(.text)
    TIMER2_IRQHandler                        0x000001cb   Thumb Code     0  startup_lpc17xx.o(.text)
    TIMER3_IRQHandler                        0x000001cb   Thumb Code     0  startup_lpc17xx.o(.text)
    UART0_IRQHandler                         0x000001cb   Thumb Code     0  startup_lpc17xx.o(.text)
    UART1_IRQHandler                         0x000001cb   Thumb Code     0  startup_lpc17xx.o(.text)
    UART3_IRQHandler                         0x000001cb   Thumb Code     0  startup_lpc17xx.o(.text)
    USBActivity_IRQHandler                   0x000001cb   Thumb Code     0  startup_lpc17xx.o(.text)
    USB_IRQHandler                           0x000001cb   Thumb Code     0  startup_lpc17xx.o(.text)
    WDT_IRQHandler                           0x000001cb   Thumb Code     0  startup_lpc17xx.o(.text)
    __user_initial_stackheap                 0x000001cd   Thumb Code     0  startup_lpc17xx.o(.text)
    TDelay                                   0x000001ed   Thumb Code    14  main.o(.text)
    LED_config                               0x000001fb   Thumb Code    20  main.o(.text)
    main                                     0x0000020f   Thumb Code   148  main.o(.text)
    __use_two_region_memory                  0x000002e5   Thumb Code     2  heapauxi.o(.text)
    __rt_heap_escrow$2region                 0x000002e7   Thumb Code     2  heapauxi.o(.text)
    __rt_heap_expand$2region                 0x000002e9   Thumb Code     2  heapauxi.o(.text)
    exit                                     0x000002eb   Thumb Code    12  exit.o(.text)
    __I$use$semihosting                      0x000002f7   Thumb Code     0  use_no_semi.o(.text)
    __use_no_semihosting_swi                 0x000002f7   Thumb Code     2  use_no_semi.o(.text)
    __semihosting_library_function           0x000002f9   Thumb Code     0  indicate_semi.o(.text)
    SystemInit                               0x00000301   Thumb Code   476  system_lpc17xx.o(.text)
    ENET_IRQHandler                          0x0000051d   Thumb Code    38  lpc17xx_it.o(.text)
    UART2_IRQHandler                         0x00000543   Thumb Code     2  lpc17xx_it.o(.text)
    LwIP_Init                                0x00000549   Thumb Code    80  netconf.o(.text)
    LwIP_Pkt_Handle                          0x00000599   Thumb Code    10  netconf.o(.text)
    LwIP_Periodic_Handle                     0x000005a3   Thumb Code    46  netconf.o(.text)
    tcp_echoserver_init                      0x00000831   Thumb Code    62  tcp_server.o(.text)
    GetAD7Val                                0x0000086f   Thumb Code    46  tcp_server.o(.text)
    zzsend                                   0x0000089d   Thumb Code    84  tcp_server.o(.text)
    recvsendto                               0x000008f1   Thumb Code    34  tcp_server.o(.text)
    send                                     0x00000913   Thumb Code    56  tcp_server.o(.text)
    udp_echo_recv                            0x0000094b   Thumb Code    36  tcp_server.o(.text)
    udp_echo_init                            0x0000096f   Thumb Code    60  tcp_server.o(.text)
    EMAC_UpdatePHYStatus                     0x00000bbb   Thumb Code   118  emac.o(.text)
    EMAC_SetPHYMode                          0x00000c31   Thumb Code   182  emac.o(.text)
    EMAC_Init                                0x00000ce7   Thumb Code   388  emac.o(.text)
    EMAC_DeInit                              0x00000e6b   Thumb Code    30  emac.o(.text)
    EMAC_CheckPHYStatus                      0x00000e89   Thumb Code    66  emac.o(.text)
    EMAC_SetHashFilter                       0x00000ecb   Thumb Code    96  emac.o(.text)
    EMAC_SetFilterMode                       0x00000f2b   Thumb Code    40  emac.o(.text)
    EMAC_GetWoLStatus                        0x00000f53   Thumb Code    24  emac.o(.text)
    EMAC_WritePacketBuffer                   0x00000f6b   Thumb Code    54  emac.o(.text)
    EMAC_ReadPacketBuffer                    0x00000fa1   Thumb Code    38  emac.o(.text)
    EMAC_IntCmd                              0x00000fc7   Thumb Code    28  emac.o(.text)
    EMAC_IntGetStatus                        0x00000fe3   Thumb Code    26  emac.o(.text)
    EMAC_CheckReceiveIndex                   0x00000ffd   Thumb Code    24  emac.o(.text)
    EMAC_CheckTransmitIndex                  0x00001015   Thumb Code    28  emac.o(.text)
    EMAC_CheckReceiveDataStatus              0x00001031   Thumb Code    24  emac.o(.text)
    EMAC_GetReceiveDataSize                  0x00001049   Thumb Code    16  emac.o(.text)
    EMAC_UpdateRxConsumeIndex                0x00001059   Thumb Code    22  emac.o(.text)
    EMAC_UpdateTxProduceIndex                0x0000106f   Thumb Code    22  emac.o(.text)
    UART0_Init                               0x000010bd   Thumb Code    70  uart.o(.text)
    UART0_SendByte                           0x00001103   Thumb Code    22  uart.o(.text)
    UART0_GetChar                            0x00001119   Thumb Code    18  uart.o(.text)
    UART0_SendString                         0x0000112b   Thumb Code    22  uart.o(.text)
    UART2_Init                               0x00001141   Thumb Code   100  uart.o(.text)
    UART2_SendByte                           0x000011a5   Thumb Code    22  uart.o(.text)
    UART2_GetChar                            0x000011bb   Thumb Code    18  uart.o(.text)
    UART2_SendString                         0x000011cd   Thumb Code    22  uart.o(.text)
    LCD_EN                                   0x000011f9   Thumb Code    34  lcd1602.o(.text)
    LCD_DATA                                 0x0000121b   Thumb Code     6  lcd1602.o(.text)
    LCD_RS                                   0x00001221   Thumb Code    34  lcd1602.o(.text)
    LCD_RW                                   0x00001243   Thumb Code    34  lcd1602.o(.text)
    LCDWrite_Command                         0x00001265   Thumb Code    42  lcd1602.o(.text)
    LCD_Init                                 0x0000128f   Thumb Code    86  lcd1602.o(.text)
    LCD_BLK                                  0x000012e5   Thumb Code    22  lcd1602.o(.text)
    LCD_DATA_PORT                            0x000012fb   Thumb Code     6  lcd1602.o(.text)
    LCDWrite_Data                            0x00001301   Thumb Code    42  lcd1602.o(.text)
    LCM_Cursor                               0x0000132b   Thumb Code    48  lcd1602.o(.text)
    LCM_String                               0x0000135b   Thumb Code    22  lcd1602.o(.text)
    MAX485_Init                              0x0000137d   Thumb Code    24  max485.o(.text)
    MAX485_SendByte                          0x00001395   Thumb Code    12  max485.o(.text)
    MAX485_GetChar                           0x000013a1   Thumb Code    10  max485.o(.text)
    MAX485_SendString                        0x000013ab   Thumb Code    44  max485.o(.text)
    mem_init                                 0x00001485   Thumb Code    86  mem.o(.text)
    mem_free                                 0x000014db   Thumb Code   106  mem.o(.text)
    mem_realloc                              0x00001545   Thumb Code   316  mem.o(.text)
    mem_malloc                               0x00001681   Thumb Code   290  mem.o(.text)
    mem_calloc                               0x000017a3   Thumb Code    54  mem.o(.text)
    memp_init                                0x000017d9   Thumb Code    82  memp.o(.text)
    memp_malloc                              0x0000182b   Thumb Code    54  memp.o(.text)
    memp_free                                0x00001861   Thumb Code    38  memp.o(.text)
    netif_set_gw                             0x00001899   Thumb Code    12  netif.o(.text)
    netif_set_netmask                        0x000018a5   Thumb Code    12  netif.o(.text)
    netif_set_ipaddr                         0x000018b1   Thumb Code   110  netif.o(.text)
    netif_set_addr                           0x0000191f   Thumb Code    40  netif.o(.text)
    netif_add                                0x00001947   Thumb Code    96  netif.o(.text)
    netif_set_default                        0x000019a7   Thumb Code     6  netif.o(.text)
    netif_remove                             0x000019ad   Thumb Code    74  netif.o(.text)
    netif_find                               0x000019f7   Thumb Code    64  netif.o(.text)
    netif_set_up                             0x00001a37   Thumb Code    44  netif.o(.text)
    netif_set_down                           0x00001a63   Thumb Code    24  netif.o(.text)
    netif_is_up                              0x00001a7b   Thumb Code    12  netif.o(.text)
    pbuf_free                                0x00001a9d   Thumb Code   152  pbuf.o(.text)
    pbuf_alloc                               0x00001b35   Thumb Code   542  pbuf.o(.text)
    pbuf_realloc                             0x00001d53   Thumb Code   176  pbuf.o(.text)
    pbuf_header                              0x00001e03   Thumb Code   140  pbuf.o(.text)
    pbuf_clen                                0x00001e8f   Thumb Code    18  pbuf.o(.text)
    pbuf_ref                                 0x00001ea1   Thumb Code    10  pbuf.o(.text)
    pbuf_cat                                 0x00001eab   Thumb Code    80  pbuf.o(.text)
    pbuf_chain                               0x00001efb   Thumb Code    22  pbuf.o(.text)
    pbuf_dechain                             0x00001f11   Thumb Code    84  pbuf.o(.text)
    pbuf_copy                                0x00001f65   Thumb Code   220  pbuf.o(.text)
    pbuf_copy_partial                        0x00002041   Thumb Code   154  pbuf.o(.text)
    pbuf_take                                0x000020db   Thumb Code   138  pbuf.o(.text)
    pbuf_coalesce                            0x00002165   Thumb Code    66  pbuf.o(.text)
    raw_input                                0x000021a9   Thumb Code   100  raw.o(.text)
    raw_bind                                 0x0000220d   Thumb Code    16  raw.o(.text)
    raw_connect                              0x0000221d   Thumb Code    16  raw.o(.text)
    raw_recv                                 0x0000222d   Thumb Code     6  raw.o(.text)
    raw_sendto                               0x00002233   Thumb Code   158  raw.o(.text)
    raw_send                                 0x000022d1   Thumb Code    18  raw.o(.text)
    raw_remove                               0x000022e3   Thumb Code    60  raw.o(.text)
    raw_new                                  0x0000231f   Thumb Code    42  raw.o(.text)
    tcp_seg_free                             0x0000234d   Thumb Code    32  tcp.o(.text)
    tcp_segs_free                            0x0000236d   Thumb Code    30  tcp.o(.text)
    tcp_pcb_purge                            0x0000238b   Thumb Code    54  tcp.o(.text)
    tcp_pcb_remove                           0x000023c1   Thumb Code   170  tcp.o(.text)
    tcp_abandon                              0x0000246b   Thumb Code   146  tcp.o(.text)
    tcp_slowtmr                              0x000024fd   Thumb Code   810  tcp.o(.text)
    tcp_fasttmr                              0x00002827   Thumb Code   112  tcp.o(.text)
    tcp_tmr                                  0x00002897   Thumb Code    30  tcp.o(.text)
    tcp_close                                0x000028b5   Thumb Code   242  tcp.o(.text)
    tcp_bind                                 0x00002a0f   Thumb Code   232  tcp.o(.text)
    tcp_listen_with_backlog                  0x00002aff   Thumb Code   204  tcp.o(.text)
    tcp_update_rcv_ann_wnd                   0x00002bcb   Thumb Code    90  tcp.o(.text)
    tcp_recved                               0x00002c25   Thumb Code    86  tcp.o(.text)
    tcp_eff_send_mss                         0x00002c7b   Thumb Code    46  tcp.o(.text)
    tcp_next_iss                             0x00002ca9   Thumb Code    20  tcp.o(.text)
    tcp_connect                              0x00002cbd   Thumb Code   278  tcp.o(.text)
    tcp_setprio                              0x00002dd3   Thumb Code     4  tcp.o(.text)
    tcp_alloc                                0x00002e81   Thumb Code   186  tcp.o(.text)
    tcp_new                                  0x00002f3b   Thumb Code    10  tcp.o(.text)
    tcp_arg                                  0x00002f45   Thumb Code     4  tcp.o(.text)
    tcp_recv                                 0x00002f49   Thumb Code     6  tcp.o(.text)
    tcp_sent                                 0x00002f4f   Thumb Code     6  tcp.o(.text)
    tcp_err                                  0x00002f55   Thumb Code     6  tcp.o(.text)
    tcp_accept                               0x00002f5b   Thumb Code     4  tcp.o(.text)
    tcp_poll                                 0x00002f5f   Thumb Code    10  tcp.o(.text)
    tcp_input                                0x00003e39   Thumb Code  1186  tcp_in.o(.text)
    tcp_enqueue                              0x00004395   Thumb Code  1066  tcp_out.o(.text)
    tcp_send_ctrl                            0x000047bf   Thumb Code    28  tcp_out.o(.text)
    tcp_write                                0x000047db   Thumb Code    72  tcp_out.o(.text)
    tcp_output                               0x000048f7   Thumb Code   640  tcp_out.o(.text)
    tcp_rst                                  0x00004b77   Thumb Code   206  tcp_out.o(.text)
    tcp_rexmit_rto                           0x00004c45   Thumb Code    58  tcp_out.o(.text)
    tcp_rexmit                               0x00004c7f   Thumb Code    86  tcp_out.o(.text)
    tcp_keepalive                            0x00004cd5   Thumb Code   110  tcp_out.o(.text)
    tcp_zero_window_probe                    0x00004d43   Thumb Code   120  tcp_out.o(.text)
    udp_input                                0x00004dbd   Thumb Code   442  udp.o(.text)
    udp_bind                                 0x00004f77   Thumb Code   112  udp.o(.text)
    udp_sendto_if                            0x00004fe7   Thumb Code   248  udp.o(.text)
    udp_sendto                               0x000050df   Thumb Code    46  udp.o(.text)
    udp_send                                 0x0000510d   Thumb Code    20  udp.o(.text)
    udp_connect                              0x00005121   Thumb Code    94  udp.o(.text)
    udp_disconnect                           0x0000517f   Thumb Code    28  udp.o(.text)
    udp_recv                                 0x0000519b   Thumb Code     6  udp.o(.text)
    udp_remove                               0x000051a1   Thumb Code    60  udp.o(.text)
    udp_new                                  0x000051dd   Thumb Code    28  udp.o(.text)
    icmp_input                               0x00005201   Thumb Code   458  icmp.o(.text)
    icmp_dest_unreach                        0x00005441   Thumb Code    18  icmp.o(.text)
    icmp_time_exceeded                       0x00005453   Thumb Code    18  icmp.o(.text)
    htonl                                    0x00005465   Thumb Code    26  inet.o(.text)
    inet_aton                                0x0000547f   Thumb Code   342  inet.o(.text)
    inet_addr                                0x000055d5   Thumb Code    24  inet.o(.text)
    inet_ntoa                                0x000055ed   Thumb Code   112  inet.o(.text)
    htons                                    0x0000565d   Thumb Code    12  inet.o(.text)
    ntohs                                    0x00005669   Thumb Code    12  inet.o(.text)
    ntohl                                    0x00005675   Thumb Code    12  inet.o(.text)
    inet_chksum_pseudo                       0x000056cf   Thumb Code   162  inet_chksum.o(.text)
    inet_chksum                              0x00005771   Thumb Code    20  inet_chksum.o(.text)
    inet_chksum_pbuf                         0x00005785   Thumb Code    86  inet_chksum.o(.text)
    ip_current_netif                         0x000057dd   Thumb Code     6  ip.o(.text)
    ip_current_header                        0x000057e3   Thumb Code     6  ip.o(.text)
    ip_route                                 0x000057e9   Thumb Code    70  ip.o(.text)
    ip_input                                 0x0000582f   Thumb Code   418  ip.o(.text)
    ip_output_if                             0x000059d1   Thumb Code   264  ip.o(.text)
    ip_output                                0x00005ad9   Thumb Code    52  ip.o(.text)
    ip_addr_isbroadcast                      0x00005b21   Thumb Code    78  ip_addr.o(.text)
    ip_reass_tmr                             0x00005c45   Thumb Code    48  ip_frag.o(.text)
    ip_reass                                 0x00005edb   Thumb Code   410  ip_frag.o(.text)
    ip_frag                                  0x00006075   Thumb Code   326  ip_frag.o(.text)
    etharp_tmr                               0x00006205   Thumb Code   154  etharp.o(.text)
    etharp_find_addr                         0x000065db   Thumb Code    90  etharp.o(.text)
    etharp_ip_input                          0x00006635   Thumb Code    58  etharp.o(.text)
    etharp_arp_input                         0x0000666f   Thumb Code   306  etharp.o(.text)
    etharp_request                           0x0000686b   Thumb Code    36  etharp.o(.text)
    etharp_query                             0x0000688f   Thumb Code   436  etharp.o(.text)
    etharp_output                            0x00006a43   Thumb Code   198  etharp.o(.text)
    ethernet_input                           0x00006b09   Thumb Code   108  etharp.o(.text)
    ethernet_send                            0x00006c43   Thumb Code    58  ethernetif.o(.text)
    ethernetif_input                         0x00006d35   Thumb Code    44  ethernetif.o(.text)
    ethernetif_init                          0x00006d61   Thumb Code    68  ethernetif.o(.text)
    strncmp                                  0x00006dd1   Thumb Code   150  strncmp.o(.text)
    __aeabi_memcpy                           0x00006e67   Thumb Code     0  rt_memcpy_v6.o(.text)
    __rt_memcpy                              0x00006e67   Thumb Code   138  rt_memcpy_v6.o(.text)
    _memcpy_lastbytes                        0x00006ecd   Thumb Code     0  rt_memcpy_v6.o(.text)
    __aeabi_memclr                           0x00006ef1   Thumb Code     0  rt_memclr.o(.text)
    __rt_memclr                              0x00006ef1   Thumb Code    68  rt_memclr.o(.text)
    _memset                                  0x00006ef5   Thumb Code     0  rt_memclr.o(.text)
    __aeabi_memclr4                          0x00006f35   Thumb Code     0  rt_memclr_w.o(.text)
    __aeabi_memclr8                          0x00006f35   Thumb Code     0  rt_memclr_w.o(.text)
    __rt_memclr_w                            0x00006f35   Thumb Code    78  rt_memclr_w.o(.text)
    _memset_w                                0x00006f39   Thumb Code     0  rt_memclr_w.o(.text)
    __aeabi_memcpy4                          0x00006f83   Thumb Code     0  rt_memcpy_w.o(.text)
    __aeabi_memcpy8                          0x00006f83   Thumb Code     0  rt_memcpy_w.o(.text)
    __rt_memcpy_w                            0x00006f83   Thumb Code   100  rt_memcpy_w.o(.text)
    _memcpy_lastbytes_aligned                0x00006fcb   Thumb Code     0  rt_memcpy_w.o(.text)
    __user_setup_stackheap                   0x00006fe7   Thumb Code    74  sys_stackheap_outer.o(.text)
    __user_libspace                          0x00007031   Thumb Code     8  libspace.o(.text)
    __user_perproc_libspace                  0x00007031   Thumb Code     0  libspace.o(.text)
    __user_perthread_libspace                0x00007031   Thumb Code     0  libspace.o(.text)
    _sys_exit                                0x00007039   Thumb Code     8  sys_exit.o(.text)
    UDPArr                                   0x00007044   Data           6  tcp_server.o(.constdata)
    EMAC_clkdiv                              0x0000704a   Data           7  emac.o(.constdata)
    tcp_backoff                              0x00007076   Data          13  tcp.o(.constdata)
    tcp_persist_backoff                      0x00007083   Data           7  tcp.o(.constdata)
    ip_addr_any                              0x0000708a   Data           4  ip_addr.o(.constdata)
    ip_addr_broadcast                        0x0000708e   Data           4  ip_addr.o(.constdata)
    ethbroadcast                             0x00007092   Data           6  etharp.o(.constdata)
    ethzero                                  0x00007098   Data           6  etharp.o(.constdata)
    Region$$Table$$Base                      0x000070a0   Number         0  anon$$obj.o(Region$$Table)
    Region$$Table$$Limit                     0x000070d0   Number         0  anon$$obj.o(Region$$Table)
    SystemFrequency                          0x10000000   Data           4  system_lpc17xx.o(.data)
    TCPTimer                                 0x10000004   Data           4  netconf.o(.data)
    ARPTimer                                 0x10000008   Data           4  netconf.o(.data)
    LedToggle                                0x1000000c   Data           1  netconf.o(.data)
    Server                                   0x1000000d   Data           1  netconf.o(.data)
    WebSide                                  0x10000010   Data         189  tcp_server.o(.data)
    WebSide2                                 0x100000cd   Data         954  tcp_server.o(.data)
    flag                                     0x10000488   Data           4  tcp_server.o(.data)
    pcb                                      0x10000490   Data           4  tcp_server.o(.data)
    netif_list                               0x100004a8   Data           4  netif.o(.data)
    netif_default                            0x100004ac   Data           4  netif.o(.data)
    tcp_ticks                                0x100004bc   Data           4  tcp.o(.data)
    tcp_bound_pcbs                           0x100004c0   Data           4  tcp.o(.data)
    tcp_listen_pcbs                          0x100004c4   Data           4  tcp.o(.data)
    tcp_active_pcbs                          0x100004c8   Data           4  tcp.o(.data)
    tcp_tw_pcbs                              0x100004cc   Data           4  tcp.o(.data)
    tcp_tmp_pcb                              0x100004d0   Data           4  tcp.o(.data)
    tcp_input_pcb                            0x100004f4   Data           4  tcp_in.o(.data)
    udp_pcbs                                 0x100004f8   Data           4  udp.o(.data)
    netif                                    0x10000510   Data          48  netconf.o(.bss)
    gRxBuf                                   0x10005c20   Data        1536  ethernetif.o(.bss)
    gTxBuf                                   0x10006220   Data        1536  ethernetif.o(.bss)
    __libspace_start                         0x10006820   Data          96  libspace.o(.bss)
    __temporary_stack_top$libspace           0x10006880   Data           0  libspace.o(.bss)



==============================================================================

Memory Map of the image

  Image Entry point : 0x000000cd

  Load Region LR_IROM1 (Base: 0x00000000, Size: 0x000075e0, Max: 0x00080000, ABSOLUTE, COMPRESSED[0x00007348])

    Execution Region ER_IROM1 (Base: 0x00000000, Size: 0x000070d0, Max: 0x00080000, ABSOLUTE)

    Base Addr    Size         Type   Attr      Idx    E Section Name        Object

    0x00000000   0x000000cc   Data   RO           19    RESET               startup_lpc17xx.o
    0x000000cc   0x00000008   Code   RO          821  * !!!main             c_w.l(__main.o)
    0x000000d4   0x00000034   Code   RO          979    !!!scatter          c_w.l(__scatter.o)
    0x00000108   0x00000064   Code   RO          977    !!dclz77c           c_w.l(__dclz77c.o)
    0x0000016c   0x0000001c   Code   RO          981    !!handler_zi        c_w.l(__scatter_zi.o)
    0x00000188   0x00000002   Code   RO          850    .ARM.Collect$$libinit$$00000000  c_w.l(libinit.o)
    0x0000018a   0x00000000   Code   RO          857    .ARM.Collect$$libinit$$00000002  c_w.l(libinit2.o)
    0x0000018a   0x00000000   Code   RO          860    .ARM.Collect$$libinit$$00000008  c_w.l(libinit2.o)
    0x0000018a   0x00000000   Code   RO          862    .ARM.Collect$$libinit$$0000000A  c_w.l(libinit2.o)
    0x0000018a   0x00000000   Code   RO          864    .ARM.Collect$$libinit$$0000000C  c_w.l(libinit2.o)
    0x0000018a   0x00000000   Code   RO          867    .ARM.Collect$$libinit$$0000000F  c_w.l(libinit2.o)
    0x0000018a   0x00000000   Code   RO          869    .ARM.Collect$$libinit$$00000011  c_w.l(libinit2.o)
    0x0000018a   0x00000000   Code   RO          871    .ARM.Collect$$libinit$$00000013  c_w.l(libinit2.o)
    0x0000018a   0x00000000   Code   RO          873    .ARM.Collect$$libinit$$00000015  c_w.l(libinit2.o)
    0x0000018a   0x00000000   Code   RO          875    .ARM.Collect$$libinit$$00000017  c_w.l(libinit2.o)
    0x0000018a   0x00000000   Code   RO          877    .ARM.Collect$$libinit$$00000019  c_w.l(libinit2.o)
    0x0000018a   0x00000000   Code   RO          879    .ARM.Collect$$libinit$$0000001B  c_w.l(libinit2.o)
    0x0000018a   0x00000000   Code   RO          881    .ARM.Collect$$libinit$$0000001D  c_w.l(libinit2.o)
    0x0000018a   0x00000000   Code   RO          883    .ARM.Collect$$libinit$$0000001F  c_w.l(libinit2.o)
    0x0000018a   0x00000000   Code   RO          885    .ARM.Collect$$libinit$$00000021  c_w.l(libinit2.o)
    0x0000018a   0x00000000   Code   RO          887    .ARM.Collect$$libinit$$00000023  c_w.l(libinit2.o)
    0x0000018a   0x00000000   Code   RO          891    .ARM.Collect$$libinit$$0000002A  c_w.l(libinit2.o)
    0x0000018a   0x00000000   Code   RO          893    .ARM.Collect$$libinit$$0000002C  c_w.l(libinit2.o)
    0x0000018a   0x00000000   Code   RO          895    .ARM.Collect$$libinit$$0000002E  c_w.l(libinit2.o)
    0x0000018a   0x00000000   Code   RO          897    .ARM.Collect$$libinit$$00000030  c_w.l(libinit2.o)
    0x0000018a   0x00000002   Code   RO          898    .ARM.Collect$$libinit$$00000031  c_w.l(libinit2.o)
    0x0000018c   0x00000002   Code   RO          918    .ARM.Collect$$libshutdown$$00000000  c_w.l(libshutdown.o)
    0x0000018e   0x00000000   Code   RO          932    .ARM.Collect$$libshutdown$$00000003  c_w.l(libshutdown2.o)
    0x0000018e   0x00000000   Code   RO          935    .ARM.Collect$$libshutdown$$00000006  c_w.l(libshutdown2.o)
    0x0000018e   0x00000000   Code   RO          938    .ARM.Collect$$libshutdown$$00000009  c_w.l(libshutdown2.o)
    0x0000018e   0x00000000   Code   RO          940    .ARM.Collect$$libshutdown$$0000000B  c_w.l(libshutdown2.o)
    0x0000018e   0x00000000   Code   RO          943    .ARM.Collect$$libshutdown$$0000000E  c_w.l(libshutdown2.o)
    0x0000018e   0x00000002   Code   RO          944    .ARM.Collect$$libshutdown$$0000000F  c_w.l(libshutdown2.o)
    0x00000190   0x00000000   Code   RO          823    .ARM.Collect$$rtentry$$00000000  c_w.l(rtentry.o)
    0x00000190   0x00000000   Code   RO          827    .ARM.Collect$$rtentry$$00000002  c_w.l(rtentry2.o)
    0x00000190   0x00000006   Code   RO          839    .ARM.Collect$$rtentry$$00000004  c_w.l(rtentry4.o)
    0x00000196   0x00000000   Code   RO          829    .ARM.Collect$$rtentry$$00000009  c_w.l(rtentry2.o)
    0x00000196   0x00000004   Code   RO          830    .ARM.Collect$$rtentry$$0000000A  c_w.l(rtentry2.o)
    0x0000019a   0x00000000   Code   RO          832    .ARM.Collect$$rtentry$$0000000C  c_w.l(rtentry2.o)
    0x0000019a   0x00000008   Code   RO          833    .ARM.Collect$$rtentry$$0000000D  c_w.l(rtentry2.o)
    0x000001a2   0x00000002   Code   RO          854    .ARM.Collect$$rtexit$$00000000  c_w.l(rtexit.o)
    0x000001a4   0x00000000   Code   RO          900    .ARM.Collect$$rtexit$$00000002  c_w.l(rtexit2.o)
    0x000001a4   0x00000004   Code   RO          901    .ARM.Collect$$rtexit$$00000003  c_w.l(rtexit2.o)
    0x000001a8   0x00000006   Code   RO          902    .ARM.Collect$$rtexit$$00000004  c_w.l(rtexit2.o)
    0x000001ae   0x00000002   PAD
    0x000001b0   0x0000003c   Code   RO           21    .text               startup_lpc17xx.o
    0x000001ec   0x000000f8   Code   RO           69    .text               main.o
    0x000002e4   0x00000006   Code   RO          819    .text               c_w.l(heapauxi.o)
    0x000002ea   0x0000000c   Code   RO          843    .text               c_w.l(exit.o)
    0x000002f6   0x00000002   Code   RO          921    .text               c_w.l(use_no_semi.o)
    0x000002f8   0x00000000   Code   RO          923    .text               c_w.l(indicate_semi.o)
    0x000002f8   0x00000004   PAD
    0x000002fc   0x00000004   Code   RO           20    .ARM.__at_0x02FC    startup_lpc17xx.o
    0x00000300   0x0000021c   Code   RO           29    .text               system_lpc17xx.o
    0x0000051c   0x0000002c   Code   RO          125    .text               lpc17xx_it.o
    0x00000548   0x000000a0   Code   RO          145    .text               netconf.o
    0x000005e8   0x00000400   Code   RO          244    .text               tcp_server.o
    0x000009e8   0x000006d4   Code   RO          288    .text               emac.o
    0x000010bc   0x0000013c   Code   RO          312    .text               uart.o
    0x000011f8   0x00000184   Code   RO          332    .text               lcd1602.o
    0x0000137c   0x00000060   Code   RO          352    .text               max485.o
    0x000013dc   0x000003fc   Code   RO          472    .text               mem.o
    0x000017d8   0x000000c0   Code   RO          487    .text               memp.o
    0x00001898   0x00000204   Code   RO          517    .text               netif.o
    0x00001a9c   0x0000070a   Code   RO          535    .text               pbuf.o
    0x000021a6   0x00000002   PAD
    0x000021a8   0x000001a4   Code   RO          550    .text               raw.o
    0x0000234c   0x00000c3c   Code   RO          576    .text               tcp.o
    0x00002f88   0x00001388   Code   RO          596    .text               tcp_in.o
    0x00004310   0x00000aaa   Code   RO          619    .text               tcp_out.o
    0x00004dba   0x00000002   PAD
    0x00004dbc   0x00000444   Code   RO          631    .text               udp.o
    0x00005200   0x00000264   Code   RO          655    .text               icmp.o
    0x00005464   0x00000220   Code   RO          673    .text               inet.o
    0x00005684   0x00000156   Code   RO          686    .text               inet_chksum.o
    0x000057da   0x00000002   PAD
    0x000057dc   0x00000344   Code   RO          705    .text               ip.o
    0x00005b20   0x0000004e   Code   RO          719    .text               ip_addr.o
    0x00005b6e   0x00000002   PAD
    0x00005b70   0x00000654   Code   RO          741    .text               ip_frag.o
    0x000061c4   0x000009bc   Code   RO          756    .text               etharp.o
    0x00006b80   0x00000250   Code   RO          778    .text               ethernetif.o
    0x00006dd0   0x00000096   Code   RO          811    .text               c_w.l(strncmp.o)
    0x00006e66   0x0000008a   Code   RO          813    .text               c_w.l(rt_memcpy_v6.o)
    0x00006ef0   0x00000044   Code   RO          815    .text               c_w.l(rt_memclr.o)
    0x00006f34   0x0000004e   Code   RO          817    .text               c_w.l(rt_memclr_w.o)
    0x00006f82   0x00000064   Code   RO          824    .text               c_w.l(rt_memcpy_w.o)
    0x00006fe6   0x0000004a   Code   RO          841    .text               c_w.l(sys_stackheap_outer.o)
    0x00007030   0x00000008   Code   RO          851    .text               c_w.l(libspace.o)
    0x00007038   0x0000000c   Code   RO          910    .text               c_w.l(sys_exit.o)
    0x00007044   0x00000006   Data   RO          245    .constdata          tcp_server.o
    0x0000704a   0x00000007   Data   RO          290    .constdata          emac.o
    0x00007051   0x00000001   PAD
    0x00007052   0x00000024   Data   RO          489    .constdata          memp.o
    0x00007076   0x00000014   Data   RO          577    .constdata          tcp.o
    0x0000708a   0x00000008   Data   RO          720    .constdata          ip_addr.o
    0x00007092   0x0000000c   Data   RO          758    .constdata          etharp.o
    0x0000709e   0x00000002   PAD
    0x000070a0   0x00000030   Data   RO          975    Region$$Table       anon$$obj.o


    Execution Region RW_IRAM1 (Base: 0x10000000, Size: 0x00006a80, Max: 0x00008000, ABSOLUTE, COMPRESSED[0x00000278])

    Base Addr    Size         Type   Attr      Idx    E Section Name        Object

    0x10000000   0x00000004   Data   RW           30    .data               system_lpc17xx.o
    0x10000004   0x0000000a   Data   RW          147    .data               netconf.o
    0x1000000e   0x00000002   PAD
    0x10000010   0x00000484   Data   RW          246    .data               tcp_server.o
    0x10000494   0x0000000d   Data   RW          474    .data               mem.o
    0x100004a1   0x00000003   PAD
    0x100004a4   0x0000000c   Data   RW          518    .data               netif.o
    0x100004b0   0x00000004   Data   RW          551    .data               raw.o
    0x100004b4   0x00000021   Data   RW          578    .data               tcp.o
    0x100004d5   0x00000003   PAD
    0x100004d8   0x00000020   Data   RW          598    .data               tcp_in.o
    0x100004f8   0x00000004   Data   RW          632    .data               udp.o
    0x100004fc   0x0000000c   Data   RW          706    .data               ip.o
    0x10000508   0x00000006   Data   RW          743    .data               ip_frag.o
    0x1000050e   0x00000001   Data   RW          759    .data               etharp.o
    0x1000050f   0x00000001   PAD
    0x10000510   0x00000030   Zero   RW          146    .bss                netconf.o
    0x10000540   0x00005014   Zero   RW          473    .bss                mem.o
    0x10005554   0x00000014   Zero   RW          597    .bss                tcp_in.o
    0x10005568   0x00000010   Zero   RW          674    .bss                inet.o
    0x10005578   0x000005e0   Zero   RW          742    .bss                ip_frag.o
    0x10005b58   0x000000c8   Zero   RW          757    .bss                etharp.o
    0x10005c20   0x00000c00   Zero   RW          779    .bss                ethernetif.o
    0x10006820   0x00000060   Zero   RW          852    .bss                c_w.l(libspace.o)
    0x10006880   0x00000000   Zero   RW           18    HEAP                startup_lpc17xx.o
    0x10006880   0x00000200   Zero   RW           17    STACK               startup_lpc17xx.o


    Execution Region RW_IRAM2 (Base: 0x2007c000, Size: 0x00007114, Max: 0x00008000, ABSOLUTE)

    Base Addr    Size         Type   Attr      Idx    E Section Name        Object

    0x2007c000   0x00002a64   Zero   RW          289    .bss                emac.o
    0x2007ea64   0x000046af   Zero   RW          488    .bss                memp.o


==============================================================================

Image component sizes


      Code (inc. data)   RO Data    RW Data    ZI Data      Debug   Object Name

         0          0          0          0          0       4240   core_cm3.o
      1748        150          7          0      10852       7017   emac.o
      2492         22         12          1        200       8715   etharp.o
       592         44          0          0       3072      26976   ethernetif.o
       612          0          0          0          0       2394   icmp.o
       544         10          0          0         16       2996   inet.o
       342          0          0          0          0       4886   inet_chksum.o
         0          0          0          0          0        580   init.o
       836         20          0         12          0       3582   ip.o
        78          0          8          0          0       5009   ip_addr.o
      1620         20          0          6       1504       5604   ip_frag.o
       388         12          0          0          0       2160   lcd1602.o
        44          4          0          0          0        603   lpc17xx_it.o
       248         66          0          0          0      27189   main.o
        96          6          0          0          0        887   max485.o
      1020         20          0         13      20500       3550   mem.o
       192         18         36          0      18095       2662   memp.o
       160         24          0         10         48      22347   netconf.o
       516         22          0         12          0       4976   netif.o
      1802          0          0          0          0       5660   pbuf.o
       420          4          0          4          0       3153   raw.o
        64         26        204          0        512        876   startup_lpc17xx.o
       540         64          0          4          0        699   system_lpc17xx.o
      3132        102         20         33          0      17084   tcp.o
      5000        206          0         32         20      12740   tcp_in.o
      2730         14          0          0          0       6255   tcp_out.o
      1024         62          6       1156          0       5222   tcp_server.o
       316         22          0          0          0       1580   uart.o
      1092          8          0          4          0       5929   udp.o

    ----------------------------------------------------------------------
     27656        946        344       1296      54820     195571   Object Totals
         0          0         48          0          0          0   (incl. Generated)
         8          0          3          9          1          0   (incl. Padding)

    ----------------------------------------------------------------------

      Code (inc. data)   RO Data    RW Data    ZI Data      Debug   Library Member Name

       100          0          0          0          0          0   __dclz77c.o
         8          0          0          0          0         68   __main.o
        52          8          0          0          0          0   __scatter.o
        28          0          0          0          0          0   __scatter_zi.o
        12          0          0          0          0         72   exit.o
         6          0          0          0          0        152   heapauxi.o
         0          0          0          0          0          0   indicate_semi.o
         2          0          0          0          0          0   libinit.o
         2          0          0          0          0          0   libinit2.o
         2          0          0          0          0          0   libshutdown.o
         2          0          0          0          0          0   libshutdown2.o
         8          4          0          0         96         68   libspace.o
        68          0          0          0          0         68   rt_memclr.o
        78          0          0          0          0         80   rt_memclr_w.o
       138          0          0          0          0         68   rt_memcpy_v6.o
       100          0          0          0          0         80   rt_memcpy_w.o
         0          0          0          0          0          0   rtentry.o
        12          0          0          0          0          0   rtentry2.o
         6          0          0          0          0          0   rtentry4.o
         2          0          0          0          0          0   rtexit.o
        10          0          0          0          0          0   rtexit2.o
       150          0          0          0          0         80   strncmp.o
        12          4          0          0          0         68   sys_exit.o
        74          0          0          0          0         80   sys_stackheap_outer.o
         2          0          0          0          0         68   use_no_semi.o

    ----------------------------------------------------------------------
       880         16          0          0         96        952   Library Totals
         6          0          0          0          0          0   (incl. Padding)

    ----------------------------------------------------------------------

      Code (inc. data)   RO Data    RW Data    ZI Data      Debug   Library Name

       874         16          0          0         96        952   c_w.l

    ----------------------------------------------------------------------
       880         16          0          0         96        952   Library Totals

    ----------------------------------------------------------------------

==============================================================================


      Code (inc. data)   RO Data    RW Data    ZI Data      Debug   

     28536        962        344       1296      54916     193663   Grand Totals
     28536        962        344        632      54916     193663   ELF Image Totals (compressed)
     28536        962        344        632          0          0   ROM Totals

==============================================================================

    Total RO  Size (Code + RO Data)                28880 (  28.20kB)
    Total RW  Size (RW Data + ZI Data)             56212 (  54.89kB)
    Total ROM Size (Code + RO Data + RW Data)      29512 (  28.82kB)

==============================================================================

